Archive member included to satisfy reference by file (symbol)

/Applications/ArmGNUToolchain/12.3.rel1/arm-none-eabi/bin/../lib/gcc/arm-none-eabi/12.3.1/thumb/v6-m/nofp/libgcc.a(_dvmd_tls.o)
                              CMakeFiles/main.dir/Users/Nina/pico/pico-sdk/src/rp2_common/pico_divider/divider.S.obj (__aeabi_idiv0)
/Applications/ArmGNUToolchain/12.3.rel1/arm-none-eabi/bin/../lib/gcc/arm-none-eabi/12.3.1/../../../../arm-none-eabi/lib/thumb/v6-m/nofp/libg.a(libc_a-calloc.o)
                              CMakeFiles/main.dir/Users/Nina/pico/pico-sdk/src/rp2_common/pico_malloc/pico_malloc.c.obj (calloc)
/Applications/ArmGNUToolchain/12.3.rel1/arm-none-eabi/bin/../lib/gcc/arm-none-eabi/12.3.1/../../../../arm-none-eabi/lib/thumb/v6-m/nofp/libg.a(libc_a-callocr.o)
                              /Applications/ArmGNUToolchain/12.3.rel1/arm-none-eabi/bin/../lib/gcc/arm-none-eabi/12.3.1/../../../../arm-none-eabi/lib/thumb/v6-m/nofp/libg.a(libc_a-calloc.o) (_calloc_r)
/Applications/ArmGNUToolchain/12.3.rel1/arm-none-eabi/bin/../lib/gcc/arm-none-eabi/12.3.1/../../../../arm-none-eabi/lib/thumb/v6-m/nofp/libg.a(libc_a-malloc.o)
                              CMakeFiles/main.dir/Users/Nina/pico/pico-sdk/src/rp2_common/pico_malloc/pico_malloc.c.obj (malloc)
/Applications/ArmGNUToolchain/12.3.rel1/arm-none-eabi/bin/../lib/gcc/arm-none-eabi/12.3.1/../../../../arm-none-eabi/lib/thumb/v6-m/nofp/libg.a(libc_a-mallocr.o)
                              /Applications/ArmGNUToolchain/12.3.rel1/arm-none-eabi/bin/../lib/gcc/arm-none-eabi/12.3.1/../../../../arm-none-eabi/lib/thumb/v6-m/nofp/libg.a(libc_a-callocr.o) (_malloc_r)
/Applications/ArmGNUToolchain/12.3.rel1/arm-none-eabi/bin/../lib/gcc/arm-none-eabi/12.3.1/../../../../arm-none-eabi/lib/thumb/v6-m/nofp/libg.a(libc_a-mlock.o)
                              /Applications/ArmGNUToolchain/12.3.rel1/arm-none-eabi/bin/../lib/gcc/arm-none-eabi/12.3.1/../../../../arm-none-eabi/lib/thumb/v6-m/nofp/libg.a(libc_a-mallocr.o) (__malloc_lock)
/Applications/ArmGNUToolchain/12.3.rel1/arm-none-eabi/bin/../lib/gcc/arm-none-eabi/12.3.1/../../../../arm-none-eabi/lib/thumb/v6-m/nofp/libg.a(libc_a-realloc.o)
                              CMakeFiles/main.dir/Users/Nina/pico/pico-sdk/src/rp2_common/pico_malloc/pico_malloc.c.obj (realloc)
/Applications/ArmGNUToolchain/12.3.rel1/arm-none-eabi/bin/../lib/gcc/arm-none-eabi/12.3.1/../../../../arm-none-eabi/lib/thumb/v6-m/nofp/libg.a(libc_a-reallocr.o)
                              /Applications/ArmGNUToolchain/12.3.rel1/arm-none-eabi/bin/../lib/gcc/arm-none-eabi/12.3.1/../../../../arm-none-eabi/lib/thumb/v6-m/nofp/libg.a(libc_a-realloc.o) (_realloc_r)
/Applications/ArmGNUToolchain/12.3.rel1/arm-none-eabi/bin/../lib/gcc/arm-none-eabi/12.3.1/../../../../arm-none-eabi/lib/thumb/v6-m/nofp/libg.a(libc_a-memmove.o)
                              /Applications/ArmGNUToolchain/12.3.rel1/arm-none-eabi/bin/../lib/gcc/arm-none-eabi/12.3.1/../../../../arm-none-eabi/lib/thumb/v6-m/nofp/libg.a(libc_a-reallocr.o) (memmove)
/Applications/ArmGNUToolchain/12.3.rel1/arm-none-eabi/bin/../lib/gcc/arm-none-eabi/12.3.1/../../../../arm-none-eabi/lib/thumb/v6-m/nofp/libg.a(libc_a-impure.o)
                              /Applications/ArmGNUToolchain/12.3.rel1/arm-none-eabi/bin/../lib/gcc/arm-none-eabi/12.3.1/../../../../arm-none-eabi/lib/thumb/v6-m/nofp/libg.a(libc_a-calloc.o) (_impure_ptr)
/Applications/ArmGNUToolchain/12.3.rel1/arm-none-eabi/bin/../lib/gcc/arm-none-eabi/12.3.1/../../../../arm-none-eabi/lib/thumb/v6-m/nofp/libg.a(libc_a-sbrkr.o)
                              /Applications/ArmGNUToolchain/12.3.rel1/arm-none-eabi/bin/../lib/gcc/arm-none-eabi/12.3.1/../../../../arm-none-eabi/lib/thumb/v6-m/nofp/libg.a(libc_a-mallocr.o) (_sbrk_r)
/Applications/ArmGNUToolchain/12.3.rel1/arm-none-eabi/bin/../lib/gcc/arm-none-eabi/12.3.1/../../../../arm-none-eabi/lib/thumb/v6-m/nofp/libg.a(libc_a-errno.o)
                              /Applications/ArmGNUToolchain/12.3.rel1/arm-none-eabi/bin/../lib/gcc/arm-none-eabi/12.3.1/../../../../arm-none-eabi/lib/thumb/v6-m/nofp/libg.a(libc_a-callocr.o) (__errno)
/Applications/ArmGNUToolchain/12.3.rel1/arm-none-eabi/bin/../lib/gcc/arm-none-eabi/12.3.1/../../../../arm-none-eabi/lib/thumb/v6-m/nofp/libg.a(libc_a-sysconf.o)
                              /Applications/ArmGNUToolchain/12.3.rel1/arm-none-eabi/bin/../lib/gcc/arm-none-eabi/12.3.1/../../../../arm-none-eabi/lib/thumb/v6-m/nofp/libg.a(libc_a-mallocr.o) (sysconf)
/Applications/ArmGNUToolchain/12.3.rel1/arm-none-eabi/bin/../lib/gcc/arm-none-eabi/12.3.1/../../../../arm-none-eabi/lib/thumb/v6-m/nofp/libg.a(libc_a-strcmp.o)
                              CMakeFiles/main.dir/main.c.obj (strcmp)
/Applications/ArmGNUToolchain/12.3.rel1/arm-none-eabi/bin/../lib/gcc/arm-none-eabi/12.3.1/../../../../arm-none-eabi/lib/thumb/v6-m/nofp/libg.a(libc_a-init.o)
[...]
Memory Configuration

Name             Origin             Length             Attributes
FLASH            0x10000000         0x00200000         xr
RAM              0x20000000         0x00040000         xrw
SCRATCH_X        0x20040000         0x00001000         xrw
SCRATCH_Y        0x20041000         0x00001000         xrw
*default*        0x00000000         0xffffffff

Linker script and memory map

LOAD /Applications/ArmGNUToolchain/12.3.rel1/arm-none-eabi/bin/../lib/gcc/arm-none-eabi/12.3.1/thumb/v6-m/nofp/crti.o
LOAD /Applications/ArmGNUToolchain/12.3.rel1/arm-none-eabi/bin/../lib/gcc/arm-none-eabi/12.3.1/thumb/v6-m/nofp/crtbegin.o
LOAD /Applications/ArmGNUToolchain/12.3.rel1/arm-none-eabi/bin/../lib/gcc/arm-none-eabi/12.3.1/../../../../arm-none-eabi/lib/thumb/v6-m/nofp/crt0.o

.flash_begin    0x10000000        0x0
                0x10000000                        __flash_binary_start = .

.boot2          0x10000000      0x100
                0x10000000                        __boot2_start__ = .
 *(.boot2)
 .boot2         0x10000000      0x100 /var/folders/4d/np5l_gk52g1gj0kk2fmsf50c0000gn/T//cceVPoHm.o
                0x10000100                        __boot2_end__ = .
                0x00000001                        ASSERT (((__boot2_end__ - __boot2_start__) == 0x100), ERROR: Pico second stage bootloader must be 256 bytes in size)

.text           0x10000100     0x59a8
                0x10000100                        __logical_binary_start = .
 *(.vectors)
 .vectors       0x10000100       0xd4 CMakeFiles/main.dir/Users/Nina/pico/pico-sdk/src/rp2_common/pico_standard_link/crt0.S.obj
                0x10000100                __VECTOR_TABLE
                0x10000100                __vectors
                0x100001c0                __default_isrs_start
                0x100001c0                isr_invalid
                0x100001c2                isr_nmi
                0x100001c4                isr_hardfault
                0x100001c6                isr_svcall
                0x100001c8                isr_pendsv
                0x100001ca                isr_systick
                0x100001cc                isr_irq28
                0x100001cc                isr_irq19
                0x100001cc                isr_irq0
                0x100001cc                isr_irq6
                0x100001cc                isr_irq22
                0x100001cc                isr_irq17
                0x100001cc                isr_irq14
                0x100001cc                isr_irq2
                0x100001cc                isr_irq10
                0x100001cc                isr_irq8
                0x100001cc                isr_irq24
                0x100001cc                isr_irq1
                0x100001cc                isr_irq7
                0x100001cc                isr_irq21
                0x100001cc                isr_irq20
                0x100001cc                isr_irq15
                0x100001cc                isr_irq25
                0x100001cc                isr_irq4
                0x100001cc                isr_irq16
                0x100001cc                isr_irq29
                0x100001cc                isr_irq26
                0x100001cc                __default_isrs_end
                0x100001cc                isr_irq3
                0x100001cc                isr_irq9
                0x100001cc                __unhandled_user_irq
                0x100001cc                isr_irq13
                0x100001cc                isr_irq27
                0x100001cc                isr_irq31
                0x100001cc                isr_irq5
                0x100001cc                isr_irq11
                0x100001cc                isr_irq23
                0x100001cc                isr_irq18
                0x100001cc                isr_irq30
                0x100001cc                isr_irq12
                0x100001d2                unhandled_user_irq_num_in_r0
 *(.binary_info_header)
 .binary_info_header
                0x100001d4       0x14 CMakeFiles/main.dir/Users/Nina/pico/pico-sdk/src/rp2_common/pico_standard_link/crt0.S.obj
                0x100001e8                        __binary_info_header_end = .
 *(.reset)
 .reset         0x100001e8       0xa0 CMakeFiles/main.dir/Users/Nina/pico/pico-sdk/src/rp2_common/pico_standard_link/crt0.S.obj
                0x100001e8                _entry_point
 .reset         0x10000288       0x30 CMakeFiles/main.dir/Users/Nina/pico/pico-sdk/src/rp2_common/pico_standard_link/binary_info.c.obj
 *(.init)
 .init          0x100002b8        0x4 /Applications/ArmGNUToolchain/12.3.rel1/arm-none-eabi/bin/../lib/gcc/arm-none-eabi/12.3.1/thumb/v6-m/nofp/crti.o
                0x100002b8                _init
 *(EXCLUDE_FILE(*libm.a: *libc.a:*lib_a-mem*.o *libgcc.a:) .text*)
 .text.register_tm_clones
                0x100002bc       0x28 /Applications/ArmGNUToolchain/12.3.rel1/arm-none-eabi/bin/../lib/gcc/arm-none-eabi/12.3.1/thumb/v6-m/nofp/crtbegin.o
 .text.frame_dummy
                0x100002e4       0x24 /Applications/ArmGNUToolchain/12.3.rel1/arm-none-eabi/bin/../lib/gcc/arm-none-eabi/12.3.1/thumb/v6-m/nofp/crtbegin.o
 .text.reverse  0x10000308       0x2e CMakeFiles/main.dir/main.c.obj
 *fill*         0x10000336        0x2 
 .text.FillReversedCache
                0x10000338       0x28 CMakeFiles/main.dir/main.c.obj
 .text.WriteChar
                0x10000360       0x88 CMakeFiles/main.dir/main.c.obj
 .text.WriteString
                0x100003e8       0x2c CMakeFiles/main.dir/main.c.obj
 .text.init_port
                0x10000414       0x22 CMakeFiles/main.dir/main.c.obj
                0x10000414                init_port
 .text.Reset_Motor
                0x10000436       0x1e CMakeFiles/main.dir/main.c.obj
                0x10000436                Reset_Motor
 .text.Step_run
                0x10000454      0x134 CMakeFiles/main.dir/main.c.obj
                0x10000454                Step_run
 .text.offSMotor
                0x10000588       0x2c CMakeFiles/main.dir/main.c.obj
                0x10000588                offSMotor
 .text.onSMotor
                0x100005b4       0x28 CMakeFiles/main.dir/main.c.obj
                0x100005b4                onSMotor
 .text.calc_render_area_buflen
                0x100005dc       0x16 CMakeFiles/main.dir/main.c.obj
                0x100005dc                calc_render_area_buflen
 *fill*         0x100005f2        0x2 
 .text.SSD1306_send_cmd
                0x100005f4       0x24 CMakeFiles/main.dir/main.c.obj
                0x100005f4                SSD1306_send_cmd
 .text.SSD1306_send_cmd_list
                0x10000618       0x18 CMakeFiles/main.dir/main.c.obj
                0x10000618                SSD1306_send_cmd_list
 .text.SSD1306_send_buf
                0x10000630       0x40 CMakeFiles/main.dir/main.c.obj
                0x10000630                SSD1306_send_buf
 .text.SSD1306_init
                0x10000670       0x2c CMakeFiles/main.dir/main.c.obj
                0x10000670                SSD1306_init
 .text.render   0x1000069c       0x36 CMakeFiles/main.dir/main.c.obj
                0x1000069c                render
 *fill*         0x100006d2        0x2 
 .text.init_HW  0x100006d4       0x3c CMakeFiles/main.dir/main.c.obj
                0x100006d4                init_HW
 .text.main     0x10000710      0x2e4 CMakeFiles/main.dir/main.c.obj
                0x10000710                main
 .text.sm_config_set_clkdiv
                0x100009f4       0x3c CMakeFiles/main.dir/nec_receive.c.obj
 .text.pio_get_default_sm_config
                0x10000a30       0x28 CMakeFiles/main.dir/nec_receive.c.obj
 .text.nec_receive_program_get_default_config
                0x10000a58       0x28 CMakeFiles/main.dir/nec_receive.c.obj
 .text.nec_receive_program_init
                0x10000a80       0xc0 CMakeFiles/main.dir/nec_receive.c.obj
 .text.nec_rx_init
                0x10000b40       0x50 CMakeFiles/main.dir/nec_receive.c.obj
                0x10000b40                nec_rx_init
 .text.nec_decode_frame
                0x10000b90       0x2e CMakeFiles/main.dir/nec_receive.c.obj
                0x10000b90                nec_decode_frame
 *fill*         0x10000bbe        0x2 
 .text.gpio_set_function
                0x10000bc0       0x30 CMakeFiles/main.dir/Users/Nina/pico/pico-sdk/src/rp2_common/hardware_gpio/gpio.c.obj
                0x10000bc0                gpio_set_function
 .text.gpio_set_pulls
                0x10000bf0       0x34 CMakeFiles/main.dir/Users/Nina/pico/pico-sdk/src/rp2_common/hardware_gpio/gpio.c.obj
                0x10000bf0                gpio_set_pulls
 .text.gpio_init
                0x10000c24       0x16 CMakeFiles/main.dir/Users/Nina/pico/pico-sdk/src/rp2_common/hardware_gpio/gpio.c.obj
                0x10000c24                gpio_init
 *fill*         0x10000c3a        0x2 
 .text.running_on_fpga
                0x10000c3c       0x14 CMakeFiles/main.dir/Users/Nina/pico/pico-sdk/src/rp2_common/pico_platform/platform.c.obj
                0x10000c3c                running_on_fpga
 .text.hw_claim_lock
                0x10000c50       0x18 CMakeFiles/main.dir/Users/Nina/pico/pico-sdk/src/rp2_common/hardware_claim/claim.c.obj
                0x10000c50                hw_claim_lock
 .text.hw_claim_unlock
                0x10000c68       0x14 CMakeFiles/main.dir/Users/Nina/pico/pico-sdk/src/rp2_common/hardware_claim/claim.c.obj
                0x10000c68                hw_claim_unlock
 .text.hw_claim_or_assert
                0x10000c7c       0x32 CMakeFiles/main.dir/Users/Nina/pico/pico-sdk/src/rp2_common/hardware_claim/claim.c.obj
                0x10000c7c                hw_claim_or_assert
 .text.hw_claim_unused_from_range
                0x10000cae       0x50 CMakeFiles/main.dir/Users/Nina/pico/pico-sdk/src/rp2_common/hardware_claim/claim.c.obj
                0x10000cae                hw_claim_unused_from_range
 *fill*         0x10000cfe        0x2 
 .text.spin_locks_reset
                0x10000d00       0x20 CMakeFiles/main.dir/Users/Nina/pico/pico-sdk/src/rp2_common/hardware_sync/sync.c.obj
                0x10000d00                spin_locks_reset
 .text.next_striped_spin_lock_num
                0x10000d20       0x1c CMakeFiles/main.dir/Users/Nina/pico/pico-sdk/src/rp2_common/hardware_sync/sync.c.obj
                0x10000d20                next_striped_spin_lock_num
 .text.set_raw_irq_handler_and_unlock
                0x10000d3c       0x28 CMakeFiles/main.dir/Users/Nina/pico/pico-sdk/src/rp2_common/hardware_irq/irq.c.obj
 .text.resolve_branch
                0x10000d64       0x30 CMakeFiles/main.dir/Users/Nina/pico/pico-sdk/src/rp2_common/hardware_irq/irq.c.obj
 .text.make_branch
                0x10000d94       0x48 CMakeFiles/main.dir/Users/Nina/pico/pico-sdk/src/rp2_common/hardware_irq/irq.c.obj
 .text.insert_branch_and_link
                0x10000ddc       0x40 CMakeFiles/main.dir/Users/Nina/pico/pico-sdk/src/rp2_common/hardware_irq/irq.c.obj
 .text.irq_is_enabled
                0x10000e1c       0x18 CMakeFiles/main.dir/Users/Nina/pico/pico-sdk/src/rp2_common/hardware_irq/irq.c.obj
                0x10000e1c                irq_is_enabled
 .text.irq_set_mask_enabled
                0x10000e34       0x20 CMakeFiles/main.dir/Users/Nina/pico/pico-sdk/src/rp2_common/hardware_irq/irq.c.obj
                0x10000e34                irq_set_mask_enabled
 .text.irq_set_enabled
                0x10000e54        0xe CMakeFiles/main.dir/Users/Nina/pico/pico-sdk/src/rp2_common/hardware_irq/irq.c.obj
                0x10000e54                irq_set_enabled
 *fill*         0x10000e62        0x2 
 .text.irq_get_vtable_handler
                0x10000e64       0x10 CMakeFiles/main.dir/Users/Nina/pico/pico-sdk/src/rp2_common/hardware_irq/irq.c.obj
                0x10000e64                irq_get_vtable_handler
 .text.irq_set_exclusive_handler
                0x10000e74       0x54 CMakeFiles/main.dir/Users/Nina/pico/pico-sdk/src/rp2_common/hardware_irq/irq.c.obj
                0x10000e74                irq_set_exclusive_handler
 .text.irq_remove_handler
                0x10000ec8      0x188 CMakeFiles/main.dir/Users/Nina/pico/pico-sdk/src/rp2_common/hardware_irq/irq.c.obj
                0x10000ec8                irq_remove_handler
 .text.irq_add_tail_to_free_list
                0x10001050       0xf0 CMakeFiles/main.dir/Users/Nina/pico/pico-sdk/src/rp2_common/hardware_irq/irq.c.obj
                0x10001050                irq_add_tail_to_free_list
 .text.irq_init_priorities
                0x10001140       0x1c CMakeFiles/main.dir/Users/Nina/pico/pico-sdk/src/rp2_common/hardware_irq/irq.c.obj
                0x10001140                irq_init_priorities
 .text.lock_init
                0x1000115c       0x10 CMakeFiles/main.dir/Users/Nina/pico/pico-sdk/src/common/pico_sync/lock_core.c.obj
                0x1000115c                lock_init
 .text.mutex_init
                0x1000116c       0x1a CMakeFiles/main.dir/Users/Nina/pico/pico-sdk/src/common/pico_sync/mutex.c.obj
                0x1000116c                mutex_init
 .text.recursive_mutex_init
                0x10001186       0x1e CMakeFiles/main.dir/Users/Nina/pico/pico-sdk/src/common/pico_sync/mutex.c.obj
                0x10001186                recursive_mutex_init
 .text.time_reached
                0x100011a4       0x28 CMakeFiles/main.dir/Users/Nina/pico/pico-sdk/src/common/pico_time/time.c.obj
 .text.get_entry
                0x100011cc       0x38 CMakeFiles/main.dir/Users/Nina/pico/pico-sdk/src/common/pico_time/time.c.obj
 .text.timer_pool_entry_comparator
                0x10001204       0x2e CMakeFiles/main.dir/Users/Nina/pico/pico-sdk/src/common/pico_time/time.c.obj
                0x10001204                timer_pool_entry_comparator
 *fill*         0x10001232        0x2 
 .text.update_us_since_boot
                0x10001234       0x24 CMakeFiles/main.dir/Users/Nina/pico/pico-sdk/src/common/pico_time/time.c.obj
 .text.delayed_by_us
                0x10001258       0x34 CMakeFiles/main.dir/Users/Nina/pico/pico-sdk/src/common/pico_time/time.c.obj
 .text.ph_get_node
                0x1000128c       0x30 CMakeFiles/main.dir/Users/Nina/pico/pico-sdk/src/common/pico_time/time.c.obj
 .text.ph_contains_node
                0x100012bc       0x1e CMakeFiles/main.dir/Users/Nina/pico/pico-sdk/src/common/pico_time/time.c.obj
 .text.ph_new_node
                0x100012da       0x28 CMakeFiles/main.dir/Users/Nina/pico/pico-sdk/src/common/pico_time/time.c.obj
 *fill*         0x10001302        0x2 
 .text.ph_add_child_node
                0x10001304       0x6c CMakeFiles/main.dir/Users/Nina/pico/pico-sdk/src/common/pico_time/time.c.obj
 .text.ph_merge_nodes
                0x10001370       0x3e CMakeFiles/main.dir/Users/Nina/pico/pico-sdk/src/common/pico_time/time.c.obj
 *fill*         0x100013ae        0x2 
 .text.ph_insert_node
                0x100013b0       0x3c CMakeFiles/main.dir/Users/Nina/pico/pico-sdk/src/common/pico_time/time.c.obj
 .text.ph_free_node
                0x100013ec       0x5c CMakeFiles/main.dir/Users/Nina/pico/pico-sdk/src/common/pico_time/time.c.obj
 .text.get_entry_id_high
                0x10001448       0x30 CMakeFiles/main.dir/Users/Nina/pico/pico-sdk/src/common/pico_time/time.c.obj
 .text.alarm_pool_post_alloc_init
                0x10001478       0x40 CMakeFiles/main.dir/Users/Nina/pico/pico-sdk/src/common/pico_time/time.c.obj
 .text.sleep_until_callback
                0x100014b8       0x30 CMakeFiles/main.dir/Users/Nina/pico/pico-sdk/src/common/pico_time/time.c.obj
 .text.get_absolute_time
                0x100014e8       0x22 CMakeFiles/main.dir/Users/Nina/pico/pico-sdk/src/common/pico_time/time.c.obj
 .text.make_timeout_time_us
                0x1000150a       0x24 CMakeFiles/main.dir/Users/Nina/pico/pico-sdk/src/common/pico_time/time.c.obj
 *fill*         0x1000152e        0x2 
 .text.add_alarm_under_lock
                0x10001530       0x94 CMakeFiles/main.dir/Users/Nina/pico/pico-sdk/src/common/pico_time/time.c.obj
 .text.alarm_pool_alarm_callback
                0x100015c4      0x210 CMakeFiles/main.dir/Users/Nina/pico/pico-sdk/src/common/pico_time/time.c.obj
 .text.alarm_pool_init_default
                0x100017d4       0x40 CMakeFiles/main.dir/Users/Nina/pico/pico-sdk/src/common/pico_time/time.c.obj
                0x100017d4                alarm_pool_init_default
 .text.alarm_pool_get_default
                0x10001814       0x2c CMakeFiles/main.dir/Users/Nina/pico/pico-sdk/src/common/pico_time/time.c.obj
                0x10001814                alarm_pool_get_default
 .text.alarm_pool_add_alarm_at
                0x10001840      0x10e CMakeFiles/main.dir/Users/Nina/pico/pico-sdk/src/common/pico_time/time.c.obj
                0x10001840                alarm_pool_add_alarm_at
 .text.add_alarm_at
                0x1000194e       0x2e CMakeFiles/main.dir/Users/Nina/pico/pico-sdk/src/common/pico_time/time.c.obj
 .text.alarm_pool_cancel_alarm
                0x1000197c       0xa8 CMakeFiles/main.dir/Users/Nina/pico/pico-sdk/src/common/pico_time/time.c.obj
                0x1000197c                alarm_pool_cancel_alarm
 .text.cancel_alarm
                0x10001a24       0x10 CMakeFiles/main.dir/Users/Nina/pico/pico-sdk/src/common/pico_time/time.c.obj
 .text.sleep_until
                0x10001a34       0xb0 CMakeFiles/main.dir/Users/Nina/pico/pico-sdk/src/common/pico_time/time.c.obj
                0x10001a34                sleep_until
 .text.sleep_us
                0x10001ae4       0x1a CMakeFiles/main.dir/Users/Nina/pico/pico-sdk/src/common/pico_time/time.c.obj
                0x10001ae4                sleep_us
 .text.sleep_ms
                0x10001afe       0x14 CMakeFiles/main.dir/Users/Nina/pico/pico-sdk/src/common/pico_time/time.c.obj
                0x10001afe                sleep_ms
 *fill*         0x10001b12        0x2 
 .text.best_effort_wfe_or_timeout
                0x10001b14       0x44 CMakeFiles/main.dir/Users/Nina/pico/pico-sdk/src/common/pico_time/time.c.obj
                0x10001b14                best_effort_wfe_or_timeout
 .text.hardware_alarm_irq_handler
                0x10001b58       0x8c CMakeFiles/main.dir/Users/Nina/pico/pico-sdk/src/rp2_common/hardware_timer/timer.c.obj
 .text.hardware_alarm_claim
                0x10001be4       0x18 CMakeFiles/main.dir/Users/Nina/pico/pico-sdk/src/rp2_common/hardware_timer/timer.c.obj
                0x10001be4                hardware_alarm_claim
 .text.time_us_64
                0x10001bfc       0x18 CMakeFiles/main.dir/Users/Nina/pico/pico-sdk/src/rp2_common/hardware_timer/timer.c.obj
                0x10001bfc                time_us_64
 .text.busy_wait_until
                0x10001c14       0x28 CMakeFiles/main.dir/Users/Nina/pico/pico-sdk/src/rp2_common/hardware_timer/timer.c.obj
                0x10001c14                busy_wait_until
 .text.hardware_alarm_set_callback
                0x10001c3c       0x90 CMakeFiles/main.dir/Users/Nina/pico/pico-sdk/src/rp2_common/hardware_timer/timer.c.obj
                0x10001c3c                hardware_alarm_set_callback
 .text.hardware_alarm_set_target
                0x10001ccc       0xe8 CMakeFiles/main.dir/Users/Nina/pico/pico-sdk/src/rp2_common/hardware_timer/timer.c.obj
                0x10001ccc                hardware_alarm_set_target
 .text.hardware_alarm_cancel
                0x10001db4       0x40 CMakeFiles/main.dir/Users/Nina/pico/pico-sdk/src/rp2_common/hardware_timer/timer.c.obj
                0x10001db4                hardware_alarm_cancel
 .text.ph_get_node
                0x10001df4       0x30 CMakeFiles/main.dir/Users/Nina/pico/pico-sdk/src/common/pico_util/pheap.c.obj
 .text.ph_add_child_node
                0x10001e24       0x6c CMakeFiles/main.dir/Users/Nina/pico/pico-sdk/src/common/pico_util/pheap.c.obj
 .text.ph_merge_nodes
                0x10001e90       0x3e CMakeFiles/main.dir/Users/Nina/pico/pico-sdk/src/common/pico_util/pheap.c.obj
 .text.ph_clear
                0x10001ece       0x34 CMakeFiles/main.dir/Users/Nina/pico/pico-sdk/src/common/pico_util/pheap.c.obj
                0x10001ece                ph_clear
 .text.ph_post_alloc_init
                0x10001f02        0xe CMakeFiles/main.dir/Users/Nina/pico/pico-sdk/src/common/pico_util/pheap.c.obj
                0x10001f02                ph_post_alloc_init
 .text.ph_merge_two_pass
                0x10001f10       0x5c CMakeFiles/main.dir/Users/Nina/pico/pico-sdk/src/common/pico_util/pheap.c.obj
                0x10001f10                ph_merge_two_pass
 .text.ph_remove_any_head
                0x10001f6c       0xc0 CMakeFiles/main.dir/Users/Nina/pico/pico-sdk/src/common/pico_util/pheap.c.obj
 .text.ph_remove_head
                0x1000202c       0x14 CMakeFiles/main.dir/Users/Nina/pico/pico-sdk/src/common/pico_util/pheap.c.obj
                0x1000202c                ph_remove_head
 .text.ph_remove_and_free_node
                0x10002040       0xa0 CMakeFiles/main.dir/Users/Nina/pico/pico-sdk/src/common/pico_util/pheap.c.obj
                0x10002040                ph_remove_and_free_node
 .text.clock_configure
                0x100020e0      0x108 CMakeFiles/main.dir/Users/Nina/pico/pico-sdk/src/rp2_common/hardware_clocks/clocks.c.obj
                0x100020e0                clock_configure
 .text.clocks_init
                0x100021e8      0x100 CMakeFiles/main.dir/Users/Nina/pico/pico-sdk/src/rp2_common/hardware_clocks/clocks.c.obj
                0x100021e8                clocks_init
 .text.clock_get_hz
                0x100022e8        0xc CMakeFiles/main.dir/Users/Nina/pico/pico-sdk/src/rp2_common/hardware_clocks/clocks.c.obj
                0x100022e8                clock_get_hz
 .text.pll_init
                0x100022f4      0x120 CMakeFiles/main.dir/Users/Nina/pico/pico-sdk/src/rp2_common/hardware_pll/pll.c.obj
                0x100022f4                pll_init
 .text.watchdog_start_tick
                0x10002414       0x10 CMakeFiles/main.dir/Users/Nina/pico/pico-sdk/src/rp2_common/hardware_watchdog/watchdog.c.obj
                0x10002414                watchdog_start_tick
 .text.xosc_init
                0x10002424       0x28 CMakeFiles/main.dir/Users/Nina/pico/pico-sdk/src/rp2_common/hardware_xosc/xosc.c.obj
                0x10002424                xosc_init
 .text._exit    0x1000244c        0x4 CMakeFiles/main.dir/Users/Nina/pico/pico-sdk/src/rp2_common/pico_runtime/runtime.c.obj
                0x1000244c                _exit
 .text._sbrk    0x10002450       0x38 CMakeFiles/main.dir/Users/Nina/pico/pico-sdk/src/rp2_common/pico_runtime/runtime.c.obj
                0x10002450                _sbrk
 .text.exit     0x10002488        0x6 CMakeFiles/main.dir/Users/Nina/pico/pico-sdk/src/rp2_common/pico_runtime/runtime.c.obj
                0x10002488                exit
 *fill*         0x1000248e        0x2 
 .text.__assert_func
                0x10002490       0x38 CMakeFiles/main.dir/Users/Nina/pico/pico-sdk/src/rp2_common/pico_runtime/runtime.c.obj
                0x10002490                __assert_func
 .text.runtime_init
                0x100024c8       0xf8 CMakeFiles/main.dir/Users/Nina/pico/pico-sdk/src/rp2_common/pico_runtime/runtime.c.obj
                0x100024c8                runtime_init
 .text.panic    0x100025c0       0x30 CMakeFiles/main.dir/Users/Nina/pico/pico-sdk/src/rp2_common/pico_runtime/runtime.c.obj
                0x100025c0                panic
 .text._out_null
                0x100025f0        0x2 CMakeFiles/main.dir/Users/Nina/pico/pico-sdk/src/rp2_common/pico_printf/printf.c.obj
 .text._out_fct
                0x100025f2        0xe CMakeFiles/main.dir/Users/Nina/pico/pico-sdk/src/rp2_common/pico_printf/printf.c.obj
 .text._atoi    0x10002600       0x24 CMakeFiles/main.dir/Users/Nina/pico/pico-sdk/src/rp2_common/pico_printf/printf.c.obj
 .text._out_rev
                0x10002624       0xae CMakeFiles/main.dir/Users/Nina/pico/pico-sdk/src/rp2_common/pico_printf/printf.c.obj
 .text._ntoa_format
                0x100026d2      0x110 CMakeFiles/main.dir/Users/Nina/pico/pico-sdk/src/rp2_common/pico_printf/printf.c.obj
 .text._ntoa_long
                0x100027e2       0xbc CMakeFiles/main.dir/Users/Nina/pico/pico-sdk/src/rp2_common/pico_printf/printf.c.obj
 .text._ntoa_long_long
                0x1000289e      0x10e CMakeFiles/main.dir/Users/Nina/pico/pico-sdk/src/rp2_common/pico_printf/printf.c.obj
 .text._etoa    0x100029ac      0x420 CMakeFiles/main.dir/Users/Nina/pico/pico-sdk/src/rp2_common/pico_printf/printf.c.obj
 .text._ftoa    0x10002dcc      0x354 CMakeFiles/main.dir/Users/Nina/pico/pico-sdk/src/rp2_common/pico_printf/printf.c.obj
 .text._vsnprintf
                0x10003120      0x65c CMakeFiles/main.dir/Users/Nina/pico/pico-sdk/src/rp2_common/pico_printf/printf.c.obj
 .text.vfctprintf
                0x1000377c       0x20 CMakeFiles/main.dir/Users/Nina/pico/pico-sdk/src/rp2_common/pico_printf/printf.c.obj
                0x1000377c                vfctprintf
 .text          0x1000379c       0x10 CMakeFiles/main.dir/Users/Nina/pico/pico-sdk/src/rp2_common/pico_bit_ops/bit_ops_aeabi.S.obj
 .text.rom_func_lookup
                0x100037ac       0x10 CMakeFiles/main.dir/Users/Nina/pico/pico-sdk/src/rp2_common/pico_bootrom/bootrom.c.obj
                0x100037ac                rom_func_lookup
 .text.rom_data_lookup
                0x100037bc       0x10 CMakeFiles/main.dir/Users/Nina/pico/pico-sdk/src/rp2_common/pico_bootrom/bootrom.c.obj
                0x100037bc                rom_data_lookup
 .text.rom_funcs_lookup
                0x100037cc       0x36 CMakeFiles/main.dir/Users/Nina/pico/pico-sdk/src/rp2_common/pico_bootrom/bootrom.c.obj
                0x100037cc                rom_funcs_lookup
 *fill*         0x10003802        0x2 
 .text.__wrap___aeabi_idiv
                0x10003804       0x50 CMakeFiles/main.dir/Users/Nina/pico/pico-sdk/src/rp2_common/pico_divider/divider.S.obj
                0x10003804                __wrap___aeabi_idivmod
                0x10003804                divmod_s32s32
                0x10003804                div_s32s32
                0x10003804                __wrap___aeabi_idiv
                0x1000380c                divmod_s32s32_unsafe
                0x10003838                divmod_s32s32_savestate
 .text.__wrap___aeabi_uidiv
                0x10003854       0x4c CMakeFiles/main.dir/Users/Nina/pico/pico-sdk/src/rp2_common/pico_divider/divider.S.obj
                0x10003854                __wrap___aeabi_uidiv
                0x10003854                __wrap___aeabi_uidivmod
                0x10003854                div_u32u32
                0x10003854                divmod_u32u32
                0x1000385c                divmod_u32u32_unsafe
                0x10003884                divmod_u32u32_savestate
 .text.__wrap___aeabi_ldiv
                0x100038a0      0x424 CMakeFiles/main.dir/Users/Nina/pico/pico-sdk/src/rp2_common/pico_divider/divider.S.obj
                0x100038a0                __wrap___aeabi_ldivmod
                0x100038a0                div_s64s64
                0x100038a0                divmod_s64s64
                0x100038d0                divmod_u64u64
                0x100038d0                div_u64u64
                0x100038d0                __wrap___aeabi_uldivmod
                0x100038e0                divmod_u64u64_savestate
                0x10003900                divmod_s64s64_unsafe
                0x10003988                divmod_u64u64_unsafe
 .text.__wrap___aeabi_darithmetic
                0x10003cc4       0x80 CMakeFiles/main.dir/Users/Nina/pico/pico-sdk/src/rp2_common/pico_double/double_aeabi.S.obj
                0x10003cc4                __wrap___aeabi_drsub
                0x10003cca                __wrap___aeabi_dsub
                0x10003cdc                __wrap___aeabi_dadd
                0x10003cee                __wrap___aeabi_ddiv
                0x10003d2a                __wrap___aeabi_dmul
 .text.__wrap___aeabi_cdcmple
                0x10003d44       0x6c CMakeFiles/main.dir/Users/Nina/pico/pico-sdk/src/rp2_common/pico_double/double_aeabi.S.obj
                0x10003d44                __wrap___aeabi_cdrcmple
                0x10003d54                __wrap___aeabi_cdcmple
                0x10003d54                __wrap___aeabi_cdcmpeq
 .text.__wrap___aeabi_dcmplt
                0x10003db0        0xc CMakeFiles/main.dir/Users/Nina/pico/pico-sdk/src/rp2_common/pico_double/double_aeabi.S.obj
                0x10003db0                __wrap___aeabi_dcmplt
 .text.__wrap___aeabi_dcmple
                0x10003dbc       0x10 CMakeFiles/main.dir/Users/Nina/pico/pico-sdk/src/rp2_common/pico_double/double_aeabi.S.obj
                0x10003dbc                __wrap___aeabi_dcmple
 .text.__wrap___aeabi_dcmpge
                0x10003dcc       0x10 CMakeFiles/main.dir/Users/Nina/pico/pico-sdk/src/rp2_common/pico_double/double_aeabi.S.obj
                0x10003dcc                __wrap___aeabi_dcmpge
 .text.__wrap___aeabi_dcmpgt
                0x10003ddc        0xa CMakeFiles/main.dir/Users/Nina/pico/pico-sdk/src/rp2_common/pico_double/double_aeabi.S.obj
                0x10003ddc                __wrap___aeabi_dcmpgt
 .text.__wrap___aeabi_dcmpun
                0x10003de6       0x1c CMakeFiles/main.dir/Users/Nina/pico/pico-sdk/src/rp2_common/pico_double/double_aeabi.S.obj
                0x10003de6                __wrap___aeabi_dcmpun
 *fill*         0x10003e02        0x2 
 .text.__wrap___aeabi_i2d
                0x10003e04       0x38 CMakeFiles/main.dir/Users/Nina/pico/pico-sdk/src/rp2_common/pico_double/double_aeabi.S.obj
                0x10003e04                __wrap___aeabi_ui2d
                0x10003e0c                __wrap___aeabi_i2d
 .text.__wrap___aeabi_d2iz
                0x10003e3c       0x48 CMakeFiles/main.dir/Users/Nina/pico/pico-sdk/src/rp2_common/pico_double/double_aeabi.S.obj
                0x10003e3c                __wrap___aeabi_d2iz
                0x10003e3c                double2int_z
 .text.__wrap___aeabi_d2uiz
                0x10003e84       0x18 CMakeFiles/main.dir/Users/Nina/pico/pico-sdk/src/rp2_common/pico_double/double_aeabi.S.obj
                0x10003e84                double2uint
                0x10003e84                __wrap___aeabi_d2uiz
 .text.__wrap___aeabi_d2f
                0x10003e9c       0x18 CMakeFiles/main.dir/Users/Nina/pico/pico-sdk/src/rp2_common/pico_double/double_aeabi.S.obj
                0x10003e9c                __wrap___aeabi_d2f
 .text.__aeabi_double_init
                0x10003eb4       0xcc CMakeFiles/main.dir/Users/Nina/pico/pico-sdk/src/rp2_common/pico_double/double_init_rom.c.obj
                0x10003eb4                __aeabi_double_init
 .text.double_table_shim_on_use_helper
                0x10003f80       0x34 CMakeFiles/main.dir/Users/Nina/pico/pico-sdk/src/rp2_common/pico_double/double_v1_rom_shim.S.obj
                0x10003f80                double_table_shim_on_use_helper
 .text.__wrap___aeabi_dsub
                0x10003fb4       0x10 CMakeFiles/main.dir/Users/Nina/pico/pico-sdk/src/rp2_common/pico_double/double_v1_rom_shim.S.obj
                0x10003fb4                drsub_shim
                0x10003fba                dsub_shim
 .text.dadd_shim
                0x10003fc4      0x15c CMakeFiles/main.dir/Users/Nina/pico/pico-sdk/src/rp2_common/pico_double/double_v1_rom_shim.S.obj
                0x10003fc4                dadd_shim
 .text.dmul_shim
                0x10004120      0x15c CMakeFiles/main.dir/Users/Nina/pico/pico-sdk/src/rp2_common/pico_double/double_v1_rom_shim.S.obj
                0x10004120                dmul_shim
 .text.ddiv_shim
                0x1000427c      0x1b0 CMakeFiles/main.dir/Users/Nina/pico/pico-sdk/src/rp2_common/pico_double/double_v1_rom_shim.S.obj
                0x1000427c                ddiv_shim
 .text.double2uint_shim
                0x1000442c        0xe CMakeFiles/main.dir/Users/Nina/pico/pico-sdk/src/rp2_common/pico_double/double_v1_rom_shim.S.obj
                0x1000442c                double2uint_shim
                0x1000442e                double2ufix_shim
 *fill*         0x1000443a        0x2 
 .text.double2uint64_shim
                0x1000443c       0x70 CMakeFiles/main.dir/Users/Nina/pico/pico-sdk/src/rp2_common/pico_double/double_v1_rom_shim.S.obj
                0x1000443c                double2uint64_shim
                0x1000443e                double2ufix64_shim
                0x1000445e                d2fix_a
 .text.double2float_shim
                0x100044ac       0x5c CMakeFiles/main.dir/Users/Nina/pico/pico-sdk/src/rp2_common/pico_double/double_v1_rom_shim.S.obj
                0x100044ac                double2float_shim
 .text.dunpacks
                0x10004508       0x3c CMakeFiles/main.dir/Users/Nina/pico/pico-sdk/src/rp2_common/pico_double/double_v1_rom_shim.S.obj
                0x10004508                dunpacks
 .text.__aeabi_lmul
                0x10004544       0x32 CMakeFiles/main.dir/Users/Nina/pico/pico-sdk/src/rp2_common/pico_int64_ops/pico_int64_ops_aeabi.S.obj
                0x10004544                __wrap___aeabi_lmul
 *fill*         0x10004576        0x2 
 .text.__wrap___aeabi_farithmetic
                0x10004578       0x58 CMakeFiles/main.dir/Users/Nina/pico/pico-sdk/src/rp2_common/pico_float/float_aeabi.S.obj
                0x10004578                __wrap___aeabi_frsub
                0x1000457e                __wrap___aeabi_fsub
                0x10004588                __wrap___aeabi_fadd
                0x10004592                __wrap___aeabi_fdiv
                0x100045be                __wrap___aeabi_fmul
 .text.__wrap___aeabi_ui2f
                0x100045d0        0xa CMakeFiles/main.dir/Users/Nina/pico/pico-sdk/src/rp2_common/pico_float/float_aeabi.S.obj
                0x100045d0                __wrap___aeabi_ui2f
 *fill*         0x100045da        0x2 
 .text.__wrap___aeabi_i2f
                0x100045dc       0x44 CMakeFiles/main.dir/Users/Nina/pico/pico-sdk/src/rp2_common/pico_float/float_aeabi.S.obj
                0x100045dc                __wrap___aeabi_i2f
 .text.__wrap___aeabi_f2uiz
                0x10004620       0x10 CMakeFiles/main.dir/Users/Nina/pico/pico-sdk/src/rp2_common/pico_float/float_aeabi.S.obj
                0x10004620                __wrap___aeabi_f2uiz
 .text.__aeabi_float_init
                0x10004630       0xfc CMakeFiles/main.dir/Users/Nina/pico/pico-sdk/src/rp2_common/pico_float/float_init_rom.c.obj
                0x10004630                __aeabi_float_init
 .text.float_table_shim_on_use_helper
                0x1000472c       0x34 CMakeFiles/main.dir/Users/Nina/pico/pico-sdk/src/rp2_common/pico_float/float_v1_rom_shim.S.obj
                0x1000472c                float_table_shim_on_use_helper
 .text.check_alloc
                0x10004760       0x20 CMakeFiles/main.dir/Users/Nina/pico/pico-sdk/src/rp2_common/pico_malloc/pico_malloc.c.obj
 .text.__wrap_malloc
                0x10004780       0x14 CMakeFiles/main.dir/Users/Nina/pico/pico-sdk/src/rp2_common/pico_malloc/pico_malloc.c.obj
                0x10004780                __wrap_malloc
 .text.__wrap_free
                0x10004794        0x8 CMakeFiles/main.dir/Users/Nina/pico/pico-sdk/src/rp2_common/pico_malloc/pico_malloc.c.obj
                0x10004794                __wrap_free
 .text          0x1000479c       0x10 CMakeFiles/main.dir/Users/Nina/pico/pico-sdk/src/rp2_common/pico_mem_ops/mem_ops_aeabi.S.obj
                0x1000479c                __aeabi_mem_init
 .text.memset   0x100047ac        0xc CMakeFiles/main.dir/Users/Nina/pico/pico-sdk/src/rp2_common/pico_mem_ops/mem_ops_aeabi.S.obj
                0x100047ac                __wrap_memset
 .text.memcpy   0x100047b8        0xc CMakeFiles/main.dir/Users/Nina/pico/pico-sdk/src/rp2_common/pico_mem_ops/mem_ops_aeabi.S.obj
                0x100047b8                __wrap___aeabi_memcpy
                0x100047b8                __wrap_memcpy
 .text.stdio_out_chars_no_crlf
                0x100047c4        0xe CMakeFiles/main.dir/Users/Nina/pico/pico-sdk/src/rp2_common/pico_stdio/stdio.c.obj
 *fill*         0x100047d2        0x2 
 .text.stdio_out_chars_crlf
                0x100047d4       0x80 CMakeFiles/main.dir/Users/Nina/pico/pico-sdk/src/rp2_common/pico_stdio/stdio.c.obj
 .text.stdio_stack_buffer_flush
                0x10004854       0x44 CMakeFiles/main.dir/Users/Nina/pico/pico-sdk/src/rp2_common/pico_stdio/stdio.c.obj
 .text.stdio_buffered_printer
                0x10004898       0x20 CMakeFiles/main.dir/Users/Nina/pico/pico-sdk/src/rp2_common/pico_stdio/stdio.c.obj
 .text.update_us_since_boot
                0x100048b8       0x24 CMakeFiles/main.dir/Users/Nina/pico/pico-sdk/src/rp2_common/pico_stdio/stdio.c.obj
 .text.get_absolute_time
                0x100048dc       0x22 CMakeFiles/main.dir/Users/Nina/pico/pico-sdk/src/rp2_common/pico_stdio/stdio.c.obj
 *fill*         0x100048fe        0x2 
 .text.delayed_by_ms
                0x10004900       0x44 CMakeFiles/main.dir/Users/Nina/pico/pico-sdk/src/rp2_common/pico_stdio/stdio.c.obj
 .text.make_timeout_time_ms
                0x10004944       0x20 CMakeFiles/main.dir/Users/Nina/pico/pico-sdk/src/rp2_common/pico_stdio/stdio.c.obj
 .text.stdout_serialize_begin
                0x10004964       0x20 CMakeFiles/main.dir/Users/Nina/pico/pico-sdk/src/rp2_common/pico_stdio/stdio.c.obj
                0x10004964                stdout_serialize_begin
 .text.stdout_serialize_end
                0x10004984       0x10 CMakeFiles/main.dir/Users/Nina/pico/pico-sdk/src/rp2_common/pico_stdio/stdio.c.obj
                0x10004984                stdout_serialize_end
 .text.stdio_put_string
                0x10004994       0x98 CMakeFiles/main.dir/Users/Nina/pico/pico-sdk/src/rp2_common/pico_stdio/stdio.c.obj
 .text.stdio_flush
                0x10004a2c       0x20 CMakeFiles/main.dir/Users/Nina/pico/pico-sdk/src/rp2_common/pico_stdio/stdio.c.obj
                0x10004a2c                stdio_flush
 .text.__wrap_puts
                0x10004a4c       0x1e CMakeFiles/main.dir/Users/Nina/pico/pico-sdk/src/rp2_common/pico_stdio/stdio.c.obj
                0x10004a4c                __wrap_puts
 *fill*         0x10004a6a        0x2 
 .text.__wrap_vprintf
                0x10004a6c       0x40 CMakeFiles/main.dir/Users/Nina/pico/pico-sdk/src/rp2_common/pico_stdio/stdio.c.obj
                0x10004a6c                __wrap_vprintf
 .text.__wrap_printf
                0x10004aac       0x18 CMakeFiles/main.dir/Users/Nina/pico/pico-sdk/src/rp2_common/pico_stdio/stdio.c.obj
                0x10004aac                __wrap_printf
 .text._retrieve_unique_id_on_boot
                0x10004ac4       0x10 CMakeFiles/main.dir/Users/Nina/pico/pico-sdk/src/rp2_common/pico_unique_id/unique_id.c.obj
 .text.flash_get_unique_id
                0x10004ad4       0x46 CMakeFiles/main.dir/Users/Nina/pico/pico-sdk/src/rp2_common/hardware_flash/flash.c.obj
                0x10004ad4                flash_get_unique_id
 .text.i2c_write_blocking_internal
                0x10004b1a      0x146 CMakeFiles/main.dir/Users/Nina/pico/pico-sdk/src/rp2_common/hardware_i2c/i2c.c.obj
 .text.i2c_set_baudrate
                0x10004c60       0xf0 CMakeFiles/main.dir/Users/Nina/pico/pico-sdk/src/rp2_common/hardware_i2c/i2c.c.obj
                0x10004c60                i2c_set_baudrate
 .text.i2c_init
                0x10004d50       0x58 CMakeFiles/main.dir/Users/Nina/pico/pico-sdk/src/rp2_common/hardware_i2c/i2c.c.obj
                0x10004d50                i2c_init
 .text.i2c_write_blocking
                0x10004da8       0x18 CMakeFiles/main.dir/Users/Nina/pico/pico-sdk/src/rp2_common/hardware_i2c/i2c.c.obj
                0x10004da8                i2c_write_blocking
 .text.pio_get_default_sm_config
                0x10004dc0       0x28 CMakeFiles/main.dir/Users/Nina/pico/pico-sdk/src/rp2_common/hardware_pio/pio.c.obj
 .text._pio_can_add_program_at_offset
                0x10004de8       0x3c CMakeFiles/main.dir/Users/Nina/pico/pico-sdk/src/rp2_common/hardware_pio/pio.c.obj
 .text._pio_find_offset_for_program
                0x10004e24       0x7c CMakeFiles/main.dir/Users/Nina/pico/pico-sdk/src/rp2_common/hardware_pio/pio.c.obj
 .text._pio_add_program_at_offset
                0x10004ea0       0x7c CMakeFiles/main.dir/Users/Nina/pico/pico-sdk/src/rp2_common/hardware_pio/pio.c.obj
 .text.pio_claim_unused_sm
                0x10004f1c       0x3c CMakeFiles/main.dir/Users/Nina/pico/pico-sdk/src/rp2_common/hardware_pio/pio.c.obj
                0x10004f1c                pio_claim_unused_sm
 .text.pio_can_add_program
                0x10004f58       0x26 CMakeFiles/main.dir/Users/Nina/pico/pico-sdk/src/rp2_common/hardware_pio/pio.c.obj
                0x10004f58                pio_can_add_program
 *fill*         0x10004f7e        0x2 
 .text.pio_add_program
                0x10004f80       0x38 CMakeFiles/main.dir/Users/Nina/pico/pico-sdk/src/rp2_common/hardware_pio/pio.c.obj
                0x10004f80                pio_add_program
 .text.pio_sm_set_consecutive_pindirs
                0x10004fb8       0xa4 CMakeFiles/main.dir/Users/Nina/pico/pico-sdk/src/rp2_common/hardware_pio/pio.c.obj
                0x10004fb8                pio_sm_set_consecutive_pindirs
 .text.pio_sm_init
                0x1000505c       0xb0 CMakeFiles/main.dir/Users/Nina/pico/pico-sdk/src/rp2_common/hardware_pio/pio.c.obj
                0x1000505c                pio_sm_init
 .text.malloc   0x1000510c       0x14 /Applications/ArmGNUToolchain/12.3.rel1/arm-none-eabi/bin/../lib/gcc/arm-none-eabi/12.3.1/../../../../arm-none-eabi/lib/thumb/v6-m/nofp/libg.a(libc_a-malloc.o)
                0x1000510c                malloc
 .text.free     0x10005120       0x14 /Applications/ArmGNUToolchain/12.3.rel1/arm-none-eabi/bin/../lib/gcc/arm-none-eabi/12.3.1/../../../../arm-none-eabi/lib/thumb/v6-m/nofp/libg.a(libc_a-malloc.o)
                0x10005120                free
 .text._malloc_r
                0x10005134      0x5c4 /Applications/ArmGNUToolchain/12.3.rel1/arm-none-eabi/bin/../lib/gcc/arm-none-eabi/12.3.1/../../../../arm-none-eabi/lib/thumb/v6-m/nofp/libg.a(libc_a-mallocr.o)
                0x10005134                _malloc_r
 .text.__malloc_lock
                0x100056f8       0x10 /Applications/ArmGNUToolchain/12.3.rel1/arm-none-eabi/bin/../lib/gcc/arm-none-eabi/12.3.1/../../../../arm-none-eabi/lib/thumb/v6-m/nofp/libg.a(libc_a-mlock.o)
                0x100056f8                __malloc_lock
 .text.__malloc_unlock
                0x10005708       0x10 /Applications/ArmGNUToolchain/12.3.rel1/arm-none-eabi/bin/../lib/gcc/arm-none-eabi/12.3.1/../../../../arm-none-eabi/lib/thumb/v6-m/nofp/libg.a(libc_a-mlock.o)
                0x10005708                __malloc_unlock
 .text._sbrk_r  0x10005718       0x24 /Applications/ArmGNUToolchain/12.3.rel1/arm-none-eabi/bin/../lib/gcc/arm-none-eabi/12.3.1/../../../../arm-none-eabi/lib/thumb/v6-m/nofp/libg.a(libc_a-sbrkr.o)
                0x10005718                _sbrk_r
 .text.__errno  0x1000573c        0xc /Applications/ArmGNUToolchain/12.3.rel1/arm-none-eabi/bin/../lib/gcc/arm-none-eabi/12.3.1/../../../../arm-none-eabi/lib/thumb/v6-m/nofp/libg.a(libc_a-errno.o)
                0x1000573c                __errno
 .text.sysconf  0x10005748       0x1c /Applications/ArmGNUToolchain/12.3.rel1/arm-none-eabi/bin/../lib/gcc/arm-none-eabi/12.3.1/../../../../arm-none-eabi/lib/thumb/v6-m/nofp/libg.a(libc_a-sysconf.o)
                0x10005748                sysconf
 .text.__retarget_lock_acquire_recursive
                0x10005764        0x4 /Applications/ArmGNUToolchain/12.3.rel1/arm-none-eabi/bin/../lib/gcc/arm-none-eabi/12.3.1/../../../../arm-none-eabi/lib/thumb/v6-m/nofp/libg.a(libc_a-lock.o)
                0x10005764                __retarget_lock_acquire_recursive
 .text.__retarget_lock_release_recursive
                0x10005768        0x4 /Applications/ArmGNUToolchain/12.3.rel1/arm-none-eabi/bin/../lib/gcc/arm-none-eabi/12.3.1/../../../../arm-none-eabi/lib/thumb/v6-m/nofp/libg.a(libc_a-lock.o)
                0x10005768                __retarget_lock_release_recursive
 .text.strlen   0x1000576c       0x5c /Applications/ArmGNUToolchain/12.3.rel1/arm-none-eabi/bin/../lib/gcc/arm-none-eabi/12.3.1/../../../../arm-none-eabi/lib/thumb/v6-m/nofp/libg.a(libc_a-strlen-stub.o)
                0x1000576c                strlen
 .text._malloc_trim_r
                0x100057c8       0xb4 /Applications/ArmGNUToolchain/12.3.rel1/arm-none-eabi/bin/../lib/gcc/arm-none-eabi/12.3.1/../../../../arm-none-eabi/lib/thumb/v6-m/nofp/libg.a(libc_a-freer.o)
                0x100057c8                _malloc_trim_r
 .text._free_r  0x1000587c      0x1d4 /Applications/ArmGNUToolchain/12.3.rel1/arm-none-eabi/bin/../lib/gcc/arm-none-eabi/12.3.1/../../../../arm-none-eabi/lib/thumb/v6-m/nofp/libg.a(libc_a-freer.o)
                0x1000587c                _free_r
 *(.fini)
 .fini          0x10005a50        0x4 /Applications/ArmGNUToolchain/12.3.rel1/arm-none-eabi/bin/../lib/gcc/arm-none-eabi/12.3.1/thumb/v6-m/nofp/crti.o
                0x10005a50                _fini
 *fill*         0x10005a54        0x4 
 .fini.__stub   0x10005a58       0x50 linker stubs
 *crtbegin.o(.ctors)
 *crtbegin?.o(.ctors)
 *(EXCLUDE_FILE(*crtend.o *crtend?.o) .ctors)
 *(SORT_BY_NAME(.ctors.*))
 *(.ctors)
 *crtbegin.o(.dtors)
 *crtbegin?.o(.dtors)
 *(EXCLUDE_FILE(*crtend.o *crtend?.o) .dtors)
 *(SORT_BY_NAME(.dtors.*))
 *(.dtors)
 *(.eh_frame*)
 .eh_frame      0x10005aa8        0x0 /Applications/ArmGNUToolchain/12.3.rel1/arm-none-eabi/bin/../lib/gcc/arm-none-eabi/12.3.1/thumb/v6-m/nofp/crtbegin.o
                0x10005aa8                        . = ALIGN (0x4)

.glue_7         0x10005aa8        0x0
 .glue_7        0x10005aa8        0x0 linker stubs

.glue_7t        0x10005aa8        0x0
 .glue_7t       0x10005aa8        0x0 linker stubs

.vfp11_veneer   0x10005aa8        0x0
 .vfp11_veneer  0x10005aa8        0x0 linker stubs

.v4_bx          0x10005aa8        0x0
 .v4_bx         0x10005aa8        0x0 linker stubs

.iplt           0x10005aa8        0x0
 .iplt          0x10005aa8        0x0 /Applications/ArmGNUToolchain/12.3.rel1/arm-none-eabi/bin/../lib/gcc/arm-none-eabi/12.3.1/thumb/v6-m/nofp/crtbegin.o

.rodata         0x10005aa8     0x14e0
 *(EXCLUDE_FILE(*libm.a: *libc.a:*lib_a-mem*.o *libgcc.a:) .rodata*)
 .rodata.main.str1.4
                0x10005aa8       0xbb CMakeFiles/main.dir/main.c.obj
 *fill*         0x10005b63        0x1 
 .rodata.main   0x10005b64      0x160 CMakeFiles/main.dir/main.c.obj
 .rodata.font   0x10005cc4      0x128 CMakeFiles/main.dir/main.c.obj
 .rodata        0x10005dec       0x1a CMakeFiles/main.dir/main.c.obj
 *fill*         0x10005e06        0x2 
 .rodata.nec_receive_program
                0x10005e08        0x6 CMakeFiles/main.dir/nec_receive.c.obj
 *fill*         0x10005e0e        0x2 
 .rodata.nec_receive_program_instructions
                0x10005e10       0x12 CMakeFiles/main.dir/nec_receive.c.obj
 *fill*         0x10005e22        0x2 
 .rodata.resolve_branch.str1.4
                0x10005e24       0x54 CMakeFiles/main.dir/Users/Nina/pico/pico-sdk/src/rp2_common/hardware_irq/irq.c.obj
 .rodata.make_branch.str1.4
                0x10005e78       0x30 CMakeFiles/main.dir/Users/Nina/pico/pico-sdk/src/rp2_common/hardware_irq/irq.c.obj
 .rodata.insert_branch_and_link.str1.4
                0x10005ea8       0x10 CMakeFiles/main.dir/Users/Nina/pico/pico-sdk/src/rp2_common/hardware_irq/irq.c.obj
 .rodata.irq_set_exclusive_handler.str1.4
                0x10005eb8       0x36 CMakeFiles/main.dir/Users/Nina/pico/pico-sdk/src/rp2_common/hardware_irq/irq.c.obj
 *fill*         0x10005eee        0x2 
 .rodata.irq_remove_handler.str1.4
                0x10005ef0       0x3a CMakeFiles/main.dir/Users/Nina/pico/pico-sdk/src/rp2_common/hardware_irq/irq.c.obj
 *fill*         0x10005f2a        0x2 
 .rodata.irq_add_tail_to_free_list.str1.4
                0x10005f2c       0x3a CMakeFiles/main.dir/Users/Nina/pico/pico-sdk/src/rp2_common/hardware_irq/irq.c.obj
 *fill*         0x10005f66        0x2 
 .rodata.__func__.0
                0x10005f68       0x1a CMakeFiles/main.dir/Users/Nina/pico/pico-sdk/src/rp2_common/hardware_irq/irq.c.obj
 *fill*         0x10005f82        0x2 
 .rodata.__func__.1
                0x10005f84       0x17 CMakeFiles/main.dir/Users/Nina/pico/pico-sdk/src/rp2_common/hardware_irq/irq.c.obj
 *fill*         0x10005f9b        0x1 
 .rodata.__func__.2
                0x10005f9c       0x13 CMakeFiles/main.dir/Users/Nina/pico/pico-sdk/src/rp2_common/hardware_irq/irq.c.obj
 *fill*         0x10005faf        0x1 
 .rodata.__func__.3
                0x10005fb0        0xc CMakeFiles/main.dir/Users/Nina/pico/pico-sdk/src/rp2_common/hardware_irq/irq.c.obj
 .rodata.__func__.4
                0x10005fbc        0xf CMakeFiles/main.dir/Users/Nina/pico/pico-sdk/src/rp2_common/hardware_irq/irq.c.obj
 *fill*         0x10005fcb        0x1 
 .rodata.__func__.6
                0x10005fcc       0x1a CMakeFiles/main.dir/Users/Nina/pico/pico-sdk/src/rp2_common/hardware_irq/irq.c.obj
 *fill*         0x10005fe6        0x2 
 .rodata.str1.4
                0x10005fe8       0x89 CMakeFiles/main.dir/Users/Nina/pico/pico-sdk/src/common/pico_sync/mutex.c.obj
 *fill*         0x10006071        0x3 
 .rodata.__func__.1
                0x10006074        0xb CMakeFiles/main.dir/Users/Nina/pico/pico-sdk/src/common/pico_sync/mutex.c.obj
 *fill*         0x1000607f        0x1 
 .rodata.__func__.3
                0x10006080       0x18 CMakeFiles/main.dir/Users/Nina/pico/pico-sdk/src/common/pico_sync/mutex.c.obj
 .rodata.get_entry.str1.4
                0x10006098       0x5a CMakeFiles/main.dir/Users/Nina/pico/pico-sdk/src/common/pico_time/time.c.obj
 *fill*         0x100060f2        0x2 
 .rodata.update_us_since_boot.str1.4
                0x100060f4       0x60 CMakeFiles/main.dir/Users/Nina/pico/pico-sdk/src/common/pico_time/time.c.obj
 .rodata.ph_get_node.str1.4
                0x10006154       0x65 CMakeFiles/main.dir/Users/Nina/pico/pico-sdk/src/common/pico_time/time.c.obj
 *fill*         0x100061b9        0x3 
 .rodata.ph_add_child_node.str1.4
                0x100061bc       0x2e CMakeFiles/main.dir/Users/Nina/pico/pico-sdk/src/common/pico_time/time.c.obj
 *fill*         0x100061ea        0x2 
 .rodata.ph_insert_node.str1.4
                0x100061ec        0x3 CMakeFiles/main.dir/Users/Nina/pico/pico-sdk/src/common/pico_time/time.c.obj
 *fill*         0x100061ef        0x1 
 .rodata.ph_free_node.str1.4
                0x100061f0       0x38 CMakeFiles/main.dir/Users/Nina/pico/pico-sdk/src/common/pico_time/time.c.obj
 .rodata.add_alarm_under_lock.str1.4
                0x10006228       0x28 CMakeFiles/main.dir/Users/Nina/pico/pico-sdk/src/common/pico_time/time.c.obj
 .rodata.alarm_pool_alarm_callback.str1.4
                0x10006250       0x60 CMakeFiles/main.dir/Users/Nina/pico/pico-sdk/src/common/pico_time/time.c.obj
 .rodata.alarm_pool_get_default.str1.4
                0x100062b0       0x21 CMakeFiles/main.dir/Users/Nina/pico/pico-sdk/src/common/pico_time/time.c.obj
 *fill*         0x100062d1        0x3 
 .rodata.alarm_pool_cancel_alarm.str1.4
                0x100062d4       0x27 CMakeFiles/main.dir/Users/Nina/pico/pico-sdk/src/common/pico_time/time.c.obj
 *fill*         0x100062fb        0x1 
 .rodata.sleep_until.str1.4
                0x100062fc       0x4d CMakeFiles/main.dir/Users/Nina/pico/pico-sdk/src/common/pico_time/time.c.obj
 *fill*         0x10006349        0x3 
 .rodata.__func__.1
                0x1000634c       0x18 CMakeFiles/main.dir/Users/Nina/pico/pico-sdk/src/common/pico_time/time.c.obj
 .rodata.__func__.3
                0x10006364       0x17 CMakeFiles/main.dir/Users/Nina/pico/pico-sdk/src/common/pico_time/time.c.obj
 *fill*         0x1000637b        0x1 
 .rodata.__func__.4
                0x1000637c       0x12 CMakeFiles/main.dir/Users/Nina/pico/pico-sdk/src/common/pico_time/time.c.obj
 *fill*         0x1000638e        0x2 
 .rodata.__func__.5
                0x10006390        0xd CMakeFiles/main.dir/Users/Nina/pico/pico-sdk/src/common/pico_time/time.c.obj
 *fill*         0x1000639d        0x3 
 .rodata.__func__.6
                0x100063a0       0x12 CMakeFiles/main.dir/Users/Nina/pico/pico-sdk/src/common/pico_time/time.c.obj
 *fill*         0x100063b2        0x2 
 .rodata.__func__.7
                0x100063b4        0xf CMakeFiles/main.dir/Users/Nina/pico/pico-sdk/src/common/pico_time/time.c.obj
 *fill*         0x100063c3        0x1 
 .rodata.__func__.8
                0x100063c4        0xc CMakeFiles/main.dir/Users/Nina/pico/pico-sdk/src/common/pico_time/time.c.obj
 .rodata.__func__.9
                0x100063d0       0x15 CMakeFiles/main.dir/Users/Nina/pico/pico-sdk/src/common/pico_time/time.c.obj
 *fill*         0x100063e5        0x3 
 .rodata.__func__.10
                0x100063e8       0x15 CMakeFiles/main.dir/Users/Nina/pico/pico-sdk/src/common/pico_time/time.c.obj
 *fill*         0x100063fd        0x3 
 .rodata.__func__.11
                0x10006400       0x1a CMakeFiles/main.dir/Users/Nina/pico/pico-sdk/src/common/pico_time/time.c.obj
 *fill*         0x1000641a        0x2 
 .rodata.__func__.12
                0x1000641c        0xa CMakeFiles/main.dir/Users/Nina/pico/pico-sdk/src/common/pico_time/time.c.obj
 *fill*         0x10006426        0x2 
 .rodata.hardware_alarm_claim.str1.4
                0x10006428       0x22 CMakeFiles/main.dir/Users/Nina/pico/pico-sdk/src/rp2_common/hardware_timer/timer.c.obj
 *fill*         0x1000644a        0x2 
 .rodata.hardware_alarm_set_target.str1.4
                0x1000644c       0x64 CMakeFiles/main.dir/Users/Nina/pico/pico-sdk/src/rp2_common/hardware_timer/timer.c.obj
 .rodata.__func__.0
                0x100064b0       0x1a CMakeFiles/main.dir/Users/Nina/pico/pico-sdk/src/rp2_common/hardware_timer/timer.c.obj
 .rodata.ph_get_node.str1.4
                0x100064ca       0x65 CMakeFiles/main.dir/Users/Nina/pico/pico-sdk/src/common/pico_util/pheap.c.obj
 .rodata.ph_add_child_node.str1.4
                0x100064ca       0x2e CMakeFiles/main.dir/Users/Nina/pico/pico-sdk/src/common/pico_util/pheap.c.obj
 *fill*         0x100064ca        0x2 
 .rodata.ph_remove_any_head.str1.4
                0x100064cc       0x8c CMakeFiles/main.dir/Users/Nina/pico/pico-sdk/src/common/pico_util/pheap.c.obj
                                 0xa0 (size before relaxing)
 .rodata.ph_remove_and_free_node.str1.4
                0x10006558       0x1e CMakeFiles/main.dir/Users/Nina/pico/pico-sdk/src/common/pico_util/pheap.c.obj
                                 0x26 (size before relaxing)
 *fill*         0x10006576        0x2 
 .rodata.__func__.0
                0x10006578       0x18 CMakeFiles/main.dir/Users/Nina/pico/pico-sdk/src/common/pico_util/pheap.c.obj
 .rodata.__func__.1
                0x10006590       0x13 CMakeFiles/main.dir/Users/Nina/pico/pico-sdk/src/common/pico_util/pheap.c.obj
 *fill*         0x100065a3        0x1 
 .rodata.__func__.2
                0x100065a4       0x12 CMakeFiles/main.dir/Users/Nina/pico/pico-sdk/src/common/pico_util/pheap.c.obj
 *fill*         0x100065b6        0x2 
 .rodata.__func__.3
                0x100065b8        0xc CMakeFiles/main.dir/Users/Nina/pico/pico-sdk/src/common/pico_util/pheap.c.obj
 .rodata.clock_configure.str1.4
                0x100065c4       0x56 CMakeFiles/main.dir/Users/Nina/pico/pico-sdk/src/rp2_common/hardware_clocks/clocks.c.obj
 *fill*         0x1000661a        0x2 
 .rodata.__func__.1
                0x1000661c       0x10 CMakeFiles/main.dir/Users/Nina/pico/pico-sdk/src/rp2_common/hardware_clocks/clocks.c.obj
 .rodata.pll_init.str1.4
                0x1000662c      0x120 CMakeFiles/main.dir/Users/Nina/pico/pico-sdk/src/rp2_common/hardware_pll/pll.c.obj
 .rodata.__func__.0
                0x1000674c        0x9 CMakeFiles/main.dir/Users/Nina/pico/pico-sdk/src/rp2_common/hardware_pll/pll.c.obj
 *fill*         0x10006755        0x3 
 .rodata.__assert_func.str1.4
                0x10006758       0x3f CMakeFiles/main.dir/Users/Nina/pico/pico-sdk/src/rp2_common/pico_runtime/runtime.c.obj
                                 0x43 (size before relaxing)
 *fill*         0x10006797        0x1 
 .rodata.runtime_init.str1.4
                0x10006798       0x60 CMakeFiles/main.dir/Users/Nina/pico/pico-sdk/src/rp2_common/pico_runtime/runtime.c.obj
 .rodata.panic.str1.4
                0x100067f8       0x12 CMakeFiles/main.dir/Users/Nina/pico/pico-sdk/src/rp2_common/pico_runtime/runtime.c.obj
 *fill*         0x1000680a        0x2 
 .rodata.__func__.2
                0x1000680c        0xd CMakeFiles/main.dir/Users/Nina/pico/pico-sdk/src/rp2_common/pico_runtime/runtime.c.obj
 *fill*         0x10006819        0x3 
 .rodata._ftoa.str1.4
                0x1000681c       0x15 CMakeFiles/main.dir/Users/Nina/pico/pico-sdk/src/rp2_common/pico_printf/printf.c.obj
 *fill*         0x10006831        0x3 
 .rodata._vsnprintf
                0x10006834      0x19c CMakeFiles/main.dir/Users/Nina/pico/pico-sdk/src/rp2_common/pico_printf/printf.c.obj
 .rodata.pow10.0
                0x100069d0       0x50 CMakeFiles/main.dir/Users/Nina/pico/pico-sdk/src/rp2_common/pico_printf/printf.c.obj
 .rodata.__aeabi_double_init.str1.4
                0x10006a20       0x9b CMakeFiles/main.dir/Users/Nina/pico/pico-sdk/src/rp2_common/pico_double/double_init_rom.c.obj
 *fill*         0x10006abb        0x1 
 .rodata.__func__.0
                0x10006abc       0x14 CMakeFiles/main.dir/Users/Nina/pico/pico-sdk/src/rp2_common/pico_double/double_init_rom.c.obj
 .rodata.__aeabi_float_init.str1.4
                0x10006ad0       0x79 CMakeFiles/main.dir/Users/Nina/pico/pico-sdk/src/rp2_common/pico_float/float_init_rom.c.obj
                                 0x7d (size before relaxing)
 *fill*         0x10006b49        0x3 
 .rodata.__func__.0
                0x10006b4c       0x13 CMakeFiles/main.dir/Users/Nina/pico/pico-sdk/src/rp2_common/pico_float/float_init_rom.c.obj
 *fill*         0x10006b5f        0x1 
 .rodata.check_alloc.str1.4
                0x10006b60        0xe CMakeFiles/main.dir/Users/Nina/pico/pico-sdk/src/rp2_common/pico_malloc/pico_malloc.c.obj
 *fill*         0x10006b6e        0x2 
 .rodata.str1.4
                0x10006b70       0x3c CMakeFiles/main.dir/Users/Nina/pico/pico-sdk/src/rp2_common/pico_standard_link/binary_info.c.obj
 .rodata.__bi_81
                0x10006bac        0xc CMakeFiles/main.dir/Users/Nina/pico/pico-sdk/src/rp2_common/pico_standard_link/binary_info.c.obj
 .rodata.__bi_75
                0x10006bb8        0xc CMakeFiles/main.dir/Users/Nina/pico/pico-sdk/src/rp2_common/pico_standard_link/binary_info.c.obj
 .rodata.__bi_44
                0x10006bc4        0xc CMakeFiles/main.dir/Users/Nina/pico/pico-sdk/src/rp2_common/pico_standard_link/binary_info.c.obj
 .rodata.update_us_since_boot.str1.4
                0x10006bd0       0x60 CMakeFiles/main.dir/Users/Nina/pico/pico-sdk/src/rp2_common/pico_stdio/stdio.c.obj
 .rodata.crlf_str.2
                0x10006bd0        0x2 CMakeFiles/main.dir/Users/Nina/pico/pico-sdk/src/rp2_common/pico_stdio/stdio.c.obj
 *fill*         0x10006bd2        0x2 
 .rodata.__func__.3
                0x10006bd4       0x15 CMakeFiles/main.dir/Users/Nina/pico/pico-sdk/src/rp2_common/pico_stdio/stdio.c.obj
 *fill*         0x10006be9        0x3 
 .rodata.str1.4
                0x10006bec      0x156 CMakeFiles/main.dir/Users/Nina/pico/pico-sdk/src/rp2_common/hardware_flash/flash.c.obj
 *fill*         0x10006d42        0x2 
 .rodata.__func__.0
                0x10006d44        0xd CMakeFiles/main.dir/Users/Nina/pico/pico-sdk/src/rp2_common/hardware_flash/flash.c.obj
 *fill*         0x10006d51        0x3 
 .rodata.i2c_set_baudrate.str1.4
                0x10006d54       0x5c CMakeFiles/main.dir/Users/Nina/pico/pico-sdk/src/rp2_common/hardware_i2c/i2c.c.obj
 .rodata.__func__.0
                0x10006db0       0x11 CMakeFiles/main.dir/Users/Nina/pico/pico-sdk/src/rp2_common/hardware_i2c/i2c.c.obj
 *fill*         0x10006dc1        0x3 
 .rodata._pio_find_offset_for_program.str1.4
                0x10006dc4       0x68 CMakeFiles/main.dir/Users/Nina/pico/pico-sdk/src/rp2_common/hardware_pio/pio.c.obj
 .rodata._pio_add_program_at_offset.str1.4
                0x10006e2c       0x11 CMakeFiles/main.dir/Users/Nina/pico/pico-sdk/src/rp2_common/hardware_pio/pio.c.obj
 *fill*         0x10006e3d        0x3 
 .rodata.pio_claim_unused_sm.str1.4
                0x10006e40       0x24 CMakeFiles/main.dir/Users/Nina/pico/pico-sdk/src/rp2_common/hardware_pio/pio.c.obj
 .rodata.__func__.1
                0x10006e64       0x1d CMakeFiles/main.dir/Users/Nina/pico/pico-sdk/src/rp2_common/hardware_pio/pio.c.obj
 *fill*         0x10006e81        0x3 
 .rodata._ctype_
                0x10006e84      0x101 /Applications/ArmGNUToolchain/12.3.rel1/arm-none-eabi/bin/../lib/gcc/arm-none-eabi/12.3.1/../../../../arm-none-eabi/lib/thumb/v6-m/nofp/libg.a(libc_a-ctype_.o)
                0x10006e84                _ctype_
                0x10006f88                        . = ALIGN (0x4)
 *fill*         0x10006f85        0x3 
 *(SORT_BY_ALIGNMENT(SORT_BY_NAME(.flashdata*)))
                0x10006f88                        . = ALIGN (0x4)

.ARM.extab
 *(.ARM.extab* .gnu.linkonce.armextab.*)
                0x10006f88                        __exidx_start = .

.ARM.exidx
 *(.ARM.exidx* .gnu.linkonce.armexidx.*)
                0x10006f88                        __exidx_end = .
                0x10006f88                        . = ALIGN (0x4)
                0x10006f88                        __binary_info_start = .

.binary_info    0x10006f88       0x1c
 *(.binary_info.keep.*)
 .binary_info.keep.__bi_ptr81
                0x10006f88        0x4 CMakeFiles/main.dir/Users/Nina/pico/pico-sdk/src/rp2_common/pico_standard_link/binary_info.c.obj
 .binary_info.keep.__bi_ptr75
                0x10006f8c        0x4 CMakeFiles/main.dir/Users/Nina/pico/pico-sdk/src/rp2_common/pico_standard_link/binary_info.c.obj
 .binary_info.keep.__bi_ptr50
                0x10006f90        0x4 CMakeFiles/main.dir/Users/Nina/pico/pico-sdk/src/rp2_common/pico_standard_link/binary_info.c.obj
 .binary_info.keep.__bi_ptr44
                0x10006f94        0x4 CMakeFiles/main.dir/Users/Nina/pico/pico-sdk/src/rp2_common/pico_standard_link/binary_info.c.obj
 .binary_info.keep.__bi_ptr38
                0x10006f98        0x4 CMakeFiles/main.dir/Users/Nina/pico/pico-sdk/src/rp2_common/pico_standard_link/binary_info.c.obj
 .binary_info.keep.__bi_ptr30
                0x10006f9c        0x4 CMakeFiles/main.dir/Users/Nina/pico/pico-sdk/src/rp2_common/pico_standard_link/binary_info.c.obj
 .binary_info.keep.__bi_ptr22
                0x10006fa0        0x4 CMakeFiles/main.dir/Users/Nina/pico/pico-sdk/src/rp2_common/pico_standard_link/binary_info.c.obj
 *(.binary_info.*)
                0x10006fa4                        __binary_info_end = .

.rel.dyn        0x10006fa4        0x0
 .rel.iplt      0x10006fa4        0x0 /Applications/ArmGNUToolchain/12.3.rel1/arm-none-eabi/bin/../lib/gcc/arm-none-eabi/12.3.1/thumb/v6-m/nofp/crtbegin.o
                0x10006fa4                        . = ALIGN (0x4)

.ram_vector_table
                0x20000000       0xc0
 *(.ram_vector_table)
 .ram_vector_table
                0x20000000       0xc0 CMakeFiles/main.dir/Users/Nina/pico/pico-sdk/src/rp2_common/pico_runtime/runtime.c.obj
                0x20000000                ram_vector_table

.data           0x200000c0      0x930 load address 0x10006fa4
                0x200000c0                        __data_start__ = .
 *(vtable)
 *(.time_critical*)
 .time_critical.mutex_try_enter
                0x200000c0       0x46 CMakeFiles/main.dir/Users/Nina/pico/pico-sdk/src/common/pico_sync/mutex.c.obj
                0x200000c0                mutex_try_enter
 *fill*         0x20000106        0x2 
 .time_critical.mutex_enter_block_until
                0x20000108       0x8c CMakeFiles/main.dir/Users/Nina/pico/pico-sdk/src/common/pico_sync/mutex.c.obj
                0x20000108                mutex_enter_block_until
 .time_critical.mutex_try_enter_block_until
                0x20000194       0x34 CMakeFiles/main.dir/Users/Nina/pico/pico-sdk/src/common/pico_sync/mutex.c.obj
                0x20000194                mutex_try_enter_block_until
 .time_critical.mutex_exit
                0x200001c8       0x4c CMakeFiles/main.dir/Users/Nina/pico/pico-sdk/src/common/pico_sync/mutex.c.obj
                0x200001c8                mutex_exit
 .time_critical.flash_init_boot2_copyout
                0x20000214       0x30 CMakeFiles/main.dir/Users/Nina/pico/pico-sdk/src/rp2_common/hardware_flash/flash.c.obj
 .time_critical.flash_enable_xip_via_boot2
                0x20000244        0xc CMakeFiles/main.dir/Users/Nina/pico/pico-sdk/src/rp2_common/hardware_flash/flash.c.obj
 .time_critical.flash_cs_force
                0x20000250       0x28 CMakeFiles/main.dir/Users/Nina/pico/pico-sdk/src/rp2_common/hardware_flash/flash.c.obj
 .time_critical.flash_do_cmd
                0x20000278       0xd8 CMakeFiles/main.dir/Users/Nina/pico/pico-sdk/src/rp2_common/hardware_flash/flash.c.obj
                0x20000278                flash_do_cmd
 *(.text*)
 .text          0x20000350        0x4 /Applications/ArmGNUToolchain/12.3.rel1/arm-none-eabi/bin/../lib/gcc/arm-none-eabi/12.3.1/thumb/v6-m/nofp/libgcc.a(_dvmd_tls.o)
                0x20000350                __aeabi_ldiv0
                0x20000350                __aeabi_idiv0
 *fill*         0x20000354        0x4 
 .text.__stub   0x20000358       0x20 linker stubs
                0x20000378                        . = ALIGN (0x4)
 *(.rodata*)
                0x20000378                        . = ALIGN (0x4)
 *(.data*)
 .data.Step_Value
                0x20000378       0x80 CMakeFiles/main.dir/main.c.obj
                0x20000378                Step_Value
 .data.Round_Value
                0x200003f8        0x4 CMakeFiles/main.dir/main.c.obj
                0x200003f8                Round_Value
 .data.striped_spin_lock_num
                0x200003fc        0x1 CMakeFiles/main.dir/Users/Nina/pico/pico-sdk/src/rp2_common/hardware_sync/sync.c.obj
 *fill*         0x200003fd        0x3 
 .data          0x20000400       0x48 CMakeFiles/main.dir/Users/Nina/pico/pico-sdk/src/rp2_common/hardware_irq/irq_handler_chain.S.obj
                0x20000400                irq_handler_chain_slots
                0x20000430                irq_handler_chain_first_slot
                0x2000043a                irq_handler_chain_remove_tail
 .data.default_alarm_pool
                0x20000448       0x18 CMakeFiles/main.dir/Users/Nina/pico/pico-sdk/src/common/pico_time/time.c.obj
 .data.default_alarm_pool_heap
                0x20000460       0x10 CMakeFiles/main.dir/Users/Nina/pico/pico-sdk/src/common/pico_time/time.c.obj
 *fill*         0x20000470        0x0 
 .data.aeabi_bits_funcs
                0x20000470       0x10 CMakeFiles/main.dir/Users/Nina/pico/pico-sdk/src/rp2_common/pico_bit_ops/bit_ops_aeabi.S.obj
                0x20000470                aeabi_bits_funcs
                0x20000480                aeabi_bits_funcs_end
 .data.aeabi_mem_funcs
                0x20000480       0x10 CMakeFiles/main.dir/Users/Nina/pico/pico-sdk/src/rp2_common/pico_mem_ops/mem_ops_aeabi.S.obj
                0x20000480                aeabi_mem_funcs
                0x20000490                aeabi_mem_funcs_end
 .data.i2c0_inst
                0x20000490        0x8 CMakeFiles/main.dir/Users/Nina/pico/pico-sdk/src/rp2_common/hardware_i2c/i2c.c.obj
                0x20000490                i2c0_inst
 .data.__malloc_sbrk_base
                0x20000498        0x4 /Applications/ArmGNUToolchain/12.3.rel1/arm-none-eabi/bin/../lib/gcc/arm-none-eabi/12.3.1/../../../../arm-none-eabi/lib/thumb/v6-m/nofp/libg.a(libc_a-mallocr.o)
                0x20000498                __malloc_sbrk_base
 .data.__malloc_trim_threshold
                0x2000049c        0x4 /Applications/ArmGNUToolchain/12.3.rel1/arm-none-eabi/bin/../lib/gcc/arm-none-eabi/12.3.1/../../../../arm-none-eabi/lib/thumb/v6-m/nofp/libg.a(libc_a-mallocr.o)
                0x2000049c                __malloc_trim_threshold
 .data.__malloc_av_
                0x200004a0      0x408 /Applications/ArmGNUToolchain/12.3.rel1/arm-none-eabi/bin/../lib/gcc/arm-none-eabi/12.3.1/../../../../arm-none-eabi/lib/thumb/v6-m/nofp/libg.a(libc_a-mallocr.o)
                0x200004a0                __malloc_av_
 .data._impure_ptr
                0x200008a8        0x4 /Applications/ArmGNUToolchain/12.3.rel1/arm-none-eabi/bin/../lib/gcc/arm-none-eabi/12.3.1/../../../../arm-none-eabi/lib/thumb/v6-m/nofp/libg.a(libc_a-impure.o)
                0x200008a8                _impure_ptr
 *fill*         0x200008ac        0x4 
 .data._impure_data
                0x200008b0      0x120 /Applications/ArmGNUToolchain/12.3.rel1/arm-none-eabi/bin/../lib/gcc/arm-none-eabi/12.3.1/../../../../arm-none-eabi/lib/thumb/v6-m/nofp/libg.a(libc_a-impure.o)
                0x200008b0                _impure_data
                0x200009d0                        . = ALIGN (0x4)
 *(.after_data.*)
                0x200009d0                        . = ALIGN (0x4)
                0x200009d0                        PROVIDE (__mutex_array_start = .)
 *(SORT_BY_NAME(.mutex_array.*))
 *(.mutex_array)
 .mutex_array   0x200009d0        0x8 CMakeFiles/main.dir/Users/Nina/pico/pico-sdk/src/rp2_common/pico_stdio/stdio.c.obj
                0x200009d8                        PROVIDE (__mutex_array_end = .)
                0x200009d8                        . = ALIGN (0x4)
                0x200009d8                        PROVIDE (__preinit_array_start = .)
 *(SORT_BY_NAME(.preinit_array.*))
 .preinit_array.00001
                0x200009d8        0x4 CMakeFiles/main.dir/Users/Nina/pico/pico-sdk/src/rp2_common/pico_mem_ops/mem_ops_aeabi.S.obj
 .preinit_array.00010
                0x200009dc        0x4 CMakeFiles/main.dir/Users/Nina/pico/pico-sdk/src/rp2_common/pico_bit_ops/bit_ops_aeabi.S.obj
 .preinit_array.00020
                0x200009e0        0x4 CMakeFiles/main.dir/Users/Nina/pico/pico-sdk/src/rp2_common/pico_double/double_aeabi.S.obj
 .preinit_array.00020
                0x200009e4        0x4 CMakeFiles/main.dir/Users/Nina/pico/pico-sdk/src/rp2_common/pico_float/float_aeabi.S.obj
 *(.preinit_array)
                0x200009e8                        PROVIDE (__preinit_array_end = .)
                0x200009e8                        . = ALIGN (0x4)
                0x200009e8                        PROVIDE (__init_array_start = .)
 *(SORT_BY_NAME(.init_array.*))
 *(.init_array)
 .init_array    0x200009e8        0x4 /Applications/ArmGNUToolchain/12.3.rel1/arm-none-eabi/bin/../lib/gcc/arm-none-eabi/12.3.1/thumb/v6-m/nofp/crtbegin.o
 .init_array    0x200009ec        0x4 CMakeFiles/main.dir/Users/Nina/pico/pico-sdk/src/rp2_common/pico_unique_id/unique_id.c.obj
                0x200009f0                        PROVIDE (__init_array_end = .)
                0x200009f0                        . = ALIGN (0x4)
                [!provide]                        PROVIDE (__fini_array_start = .)
 *(SORT_BY_NAME(.fini_array.*))
 *(.fini_array)
                [!provide]                        PROVIDE (__fini_array_end = .)
 *(.jcr)
                0x200009f0                        . = ALIGN (0x4)
                0x200009f0                        __data_end__ = .
                0x10006fa4                        __etext = LOADADDR (.data)

.tm_clone_table
                0x200009f0        0x0 load address 0x100078d4
 .tm_clone_table
                0x200009f0        0x0 /Applications/ArmGNUToolchain/12.3.rel1/arm-none-eabi/bin/../lib/gcc/arm-none-eabi/12.3.1/thumb/v6-m/nofp/crtbegin.o
 .tm_clone_table
                0x200009f0        0x0 /Applications/ArmGNUToolchain/12.3.rel1/arm-none-eabi/bin/../lib/gcc/arm-none-eabi/12.3.1/thumb/v6-m/nofp/crtend.o

.igot.plt       0x200009f0        0x0 load address 0x100078d4
 .igot.plt      0x200009f0        0x0 /Applications/ArmGNUToolchain/12.3.rel1/arm-none-eabi/bin/../lib/gcc/arm-none-eabi/12.3.1/thumb/v6-m/nofp/crtbegin.o

.uninitialized_data
                0x200009f0        0x0 load address 0x100078d4
                0x200009f0                        . = ALIGN (0x4)
 *(.uninitialized_data*)

.scratch_x      0x20040000        0x0 load address 0x100078d4
                0x20040000                        __scratch_x_start__ = .
 *(.scratch_x.*)
                0x20040000                        . = ALIGN (0x4)
                0x20040000                        __scratch_x_end__ = .
                0x100078d4                        __scratch_x_source__ = LOADADDR (.scratch_x)

.scratch_y      0x20041000        0x0 load address 0x100078d4
                0x20041000                        __scratch_y_start__ = .
 *(.scratch_y.*)
                0x20041000                        . = ALIGN (0x4)
                0x20041000                        __scratch_y_end__ = .
                0x100078d4                        __scratch_y_source__ = LOADADDR (.scratch_y)

.bss            0x200009f0      0x778
                0x200009f0                        . = ALIGN (0x4)
                0x200009f0                        __bss_start__ = .
 *(SORT_BY_ALIGNMENT(SORT_BY_NAME(.bss*)))
 .bss.default_alarm_pool_entries
                0x200009f0      0x100 CMakeFiles/main.dir/Users/Nina/pico/pico-sdk/src/common/pico_time/time.c.obj
 .bss.__lock___malloc_recursive_mutex
                0x20000af0        0x1 /Applications/ArmGNUToolchain/12.3.rel1/arm-none-eabi/bin/../lib/gcc/arm-none-eabi/12.3.1/../../../../arm-none-eabi/lib/thumb/v6-m/nofp/libg.a(libc_a-lock.o)
                0x20000af0                __lock___malloc_recursive_mutex
 *fill*         0x20000af1        0x3 
 .bss.__malloc_current_mallinfo
                0x20000af4       0x28 /Applications/ArmGNUToolchain/12.3.rel1/arm-none-eabi/bin/../lib/gcc/arm-none-eabi/12.3.1/../../../../arm-none-eabi/lib/thumb/v6-m/nofp/libg.a(libc_a-mallocr.o)
                0x20000af4                __malloc_current_mallinfo
 .bss.__malloc_max_sbrked_mem
                0x20000b1c        0x4 /Applications/ArmGNUToolchain/12.3.rel1/arm-none-eabi/bin/../lib/gcc/arm-none-eabi/12.3.1/../../../../arm-none-eabi/lib/thumb/v6-m/nofp/libg.a(libc_a-mallocr.o)
                0x20000b1c                __malloc_max_sbrked_mem
 .bss.__malloc_max_total_mem
                0x20000b20        0x4 /Applications/ArmGNUToolchain/12.3.rel1/arm-none-eabi/bin/../lib/gcc/arm-none-eabi/12.3.1/../../../../arm-none-eabi/lib/thumb/v6-m/nofp/libg.a(libc_a-mallocr.o)
                0x20000b20                __malloc_max_total_mem
 .bss.__malloc_top_pad
                0x20000b24        0x4 /Applications/ArmGNUToolchain/12.3.rel1/arm-none-eabi/bin/../lib/gcc/arm-none-eabi/12.3.1/../../../../arm-none-eabi/lib/thumb/v6-m/nofp/libg.a(libc_a-mallocr.o)
                0x20000b24                __malloc_top_pad
 .bss.__sf      0x20000b28      0x138 /Applications/ArmGNUToolchain/12.3.rel1/arm-none-eabi/bin/../lib/gcc/arm-none-eabi/12.3.1/../../../../arm-none-eabi/lib/thumb/v6-m/nofp/libg.a(libc_a-findfp.o)
                0x20000b28                __sf
 .bss._used_instruction_space
                0x20000c60        0x8 CMakeFiles/main.dir/Users/Nina/pico/pico-sdk/src/rp2_common/hardware_pio/pio.c.obj
 .bss.alarm_callbacks
                0x20000c68       0x10 CMakeFiles/main.dir/Users/Nina/pico/pico-sdk/src/rp2_common/hardware_timer/timer.c.obj
 .bss.boot2_copyout
                0x20000c78      0x100 CMakeFiles/main.dir/Users/Nina/pico/pico-sdk/src/rp2_common/hardware_flash/flash.c.obj
 .bss.configured_freq
                0x20000d78       0x28 CMakeFiles/main.dir/Users/Nina/pico/pico-sdk/src/rp2_common/hardware_clocks/clocks.c.obj
 .bss.default_alarm_pool_entry_ids_high
                0x20000da0       0x10 CMakeFiles/main.dir/Users/Nina/pico/pico-sdk/src/common/pico_time/time.c.obj
 .bss.default_alarm_pool_heap_nodes
                0x20000db0       0x30 CMakeFiles/main.dir/Users/Nina/pico/pico-sdk/src/common/pico_time/time.c.obj
 .bss.drivers   0x20000de0        0x4 CMakeFiles/main.dir/Users/Nina/pico/pico-sdk/src/rp2_common/pico_stdio/stdio.c.obj
 .bss.errno     0x20000de4        0x4 /Applications/ArmGNUToolchain/12.3.rel1/arm-none-eabi/bin/../lib/gcc/arm-none-eabi/12.3.1/../../../../arm-none-eabi/lib/thumb/v6-m/nofp/libg.a(libc_a-reent.o)
                0x20000de4                errno
 .bss.filter    0x20000de8        0x4 CMakeFiles/main.dir/Users/Nina/pico/pico-sdk/src/rp2_common/pico_stdio/stdio.c.obj
 .bss.heap_end.1
                0x20000dec        0x4 CMakeFiles/main.dir/Users/Nina/pico/pico-sdk/src/rp2_common/pico_runtime/runtime.c.obj
 .bss.object.0  0x20000df0       0x18 /Applications/ArmGNUToolchain/12.3.rel1/arm-none-eabi/bin/../lib/gcc/arm-none-eabi/12.3.1/thumb/v6-m/nofp/crtbegin.o
 .bss.pools     0x20000e08       0x10 CMakeFiles/main.dir/Users/Nina/pico/pico-sdk/src/common/pico_time/time.c.obj
 .bss.retrieved_id
                0x20000e18        0x8 CMakeFiles/main.dir/Users/Nina/pico/pico-sdk/src/rp2_common/pico_unique_id/unique_id.c.obj
 .bss.reversed  0x20000e20      0x128 CMakeFiles/main.dir/main.c.obj
 .bss.sd_table  0x20000f48      0x100 CMakeFiles/main.dir/Users/Nina/pico/pico-sdk/src/rp2_common/pico_double/double_init_rom.c.obj
                0x20000f48                sd_table
 .bss.sf_clz_func
                0x20001048        0x4 CMakeFiles/main.dir/Users/Nina/pico/pico-sdk/src/rp2_common/pico_double/double_init_rom.c.obj
                0x20001048                sf_clz_func
 .bss.sf_table  0x2000104c      0x100 CMakeFiles/main.dir/Users/Nina/pico/pico-sdk/src/rp2_common/pico_float/float_init_rom.c.obj
                0x2000104c                sf_table
 .bss.sleep_notifier
                0x2000114c        0x4 CMakeFiles/main.dir/Users/Nina/pico/pico-sdk/src/common/pico_time/time.c.obj
 .bss.target_hi
                0x20001150       0x10 CMakeFiles/main.dir/Users/Nina/pico/pico-sdk/src/rp2_common/hardware_timer/timer.c.obj
 .bss.boot2_copyout_valid
                0x20001160        0x1 CMakeFiles/main.dir/Users/Nina/pico/pico-sdk/src/rp2_common/hardware_flash/flash.c.obj
 .bss.claimed   0x20001161        0x1 CMakeFiles/main.dir/Users/Nina/pico/pico-sdk/src/rp2_common/hardware_timer/timer.c.obj
 .bss.claimed   0x20001162        0x1 CMakeFiles/main.dir/Users/Nina/pico/pico-sdk/src/rp2_common/hardware_pio/pio.c.obj
 .bss.irq_hander_chain_free_slot_head
                0x20001163        0x1 CMakeFiles/main.dir/Users/Nina/pico/pico-sdk/src/rp2_common/hardware_irq/irq.c.obj
 .bss.timer_callbacks_pending
                0x20001164        0x1 CMakeFiles/main.dir/Users/Nina/pico/pico-sdk/src/rp2_common/hardware_timer/timer.c.obj
 *(COMMON)
                0x20001168                        . = ALIGN (0x4)
 *fill*         0x20001165        0x3 
                0x20001168                        __bss_end__ = .

.heap           0x20001168      0x800
                0x20001168                        __end__ = .
                0x20001168                        end = __end__
 *(.heap*)
 .heap          0x20001168      0x800 CMakeFiles/main.dir/Users/Nina/pico/pico-sdk/src/rp2_common/pico_standard_link/crt0.S.obj
                0x20001968                        __HeapLimit = .

.stack1_dummy
 *(.stack1*)

.stack_dummy    0x20041000      0x800
 *(.stack*)
 .stack         0x20041000      0x800 CMakeFiles/main.dir/Users/Nina/pico/pico-sdk/src/rp2_common/pico_standard_link/crt0.S.obj

.flash_end      0x100078d4        0x0
                0x100078d4                        PROVIDE (__flash_binary_end = .)
                0x20040000                        __StackLimit = (ORIGIN (RAM) + LENGTH (RAM))
                0x20041000                        __StackOneTop = (ORIGIN (SCRATCH_X) + LENGTH (SCRATCH_X))
                0x20042000                        __StackTop = (ORIGIN (SCRATCH_Y) + LENGTH (SCRATCH_Y))
                0x20041000                        __StackOneBottom = (__StackOneTop - SIZEOF (.stack1_dummy))
                0x20041800                        __StackBottom = (__StackTop - SIZEOF (.stack_dummy))
                0x20042000                        PROVIDE (__stack = __StackTop)
                0x00000001                        ASSERT ((__StackLimit >= __HeapLimit), region RAM overflowed)
                0x00000001                        ASSERT (((__binary_info_header_end - __logical_binary_start) <= 0x100), Binary info must be in first 256 bytes of the binary)
LOAD CMakeFiles/main.dir/main.c.obj
LOAD CMakeFiles/main.dir/nec_receive.c.obj
LOAD CMakeFiles/main.dir/Users/Nina/pico/pico-sdk/src/rp2_common/pico_stdlib/stdlib.c.obj
LOAD CMakeFiles/main.dir/Users/Nina/pico/pico-sdk/src/rp2_common/hardware_gpio/gpio.c.obj
LOAD CMakeFiles/main.dir/Users/Nina/pico/pico-sdk/src/rp2_common/pico_platform/platform.c.obj
LOAD CMakeFiles/main.dir/Users/Nina/pico/pico-sdk/src/rp2_common/hardware_claim/claim.c.obj
LOAD CMakeFiles/main.dir/Users/Nina/pico/pico-sdk/src/rp2_common/hardware_sync/sync.c.obj
LOAD CMakeFiles/main.dir/Users/Nina/pico/pico-sdk/src/rp2_common/hardware_irq/irq.c.obj
LOAD CMakeFiles/main.dir/Users/Nina/pico/pico-sdk/src/rp2_common/hardware_irq/irq_handler_chain.S.obj
LOAD CMakeFiles/main.dir/Users/Nina/pico/pico-sdk/src/common/pico_sync/sem.c.obj
LOAD CMakeFiles/main.dir/Users/Nina/pico/pico-sdk/src/common/pico_sync/lock_core.c.obj
LOAD CMakeFiles/main.dir/Users/Nina/pico/pico-sdk/src/common/pico_sync/mutex.c.obj
LOAD CMakeFiles/main.dir/Users/Nina/pico/pico-sdk/src/common/pico_sync/critical_section.c.obj
LOAD CMakeFiles/main.dir/Users/Nina/pico/pico-sdk/src/common/pico_time/time.c.obj
LOAD CMakeFiles/main.dir/Users/Nina/pico/pico-sdk/src/common/pico_time/timeout_helper.c.obj
LOAD CMakeFiles/main.dir/Users/Nina/pico/pico-sdk/src/rp2_common/hardware_timer/timer.c.obj
LOAD CMakeFiles/main.dir/Users/Nina/pico/pico-sdk/src/common/pico_util/datetime.c.obj
LOAD CMakeFiles/main.dir/Users/Nina/pico/pico-sdk/src/common/pico_util/pheap.c.obj
LOAD CMakeFiles/main.dir/Users/Nina/pico/pico-sdk/src/common/pico_util/queue.c.obj
LOAD CMakeFiles/main.dir/Users/Nina/pico/pico-sdk/src/rp2_common/hardware_uart/uart.c.obj
LOAD CMakeFiles/main.dir/Users/Nina/pico/pico-sdk/src/rp2_common/hardware_clocks/clocks.c.obj
LOAD CMakeFiles/main.dir/Users/Nina/pico/pico-sdk/src/rp2_common/hardware_pll/pll.c.obj
LOAD CMakeFiles/main.dir/Users/Nina/pico/pico-sdk/src/rp2_common/hardware_vreg/vreg.c.obj
LOAD CMakeFiles/main.dir/Users/Nina/pico/pico-sdk/src/rp2_common/hardware_watchdog/watchdog.c.obj
LOAD CMakeFiles/main.dir/Users/Nina/pico/pico-sdk/src/rp2_common/hardware_xosc/xosc.c.obj
LOAD CMakeFiles/main.dir/Users/Nina/pico/pico-sdk/src/rp2_common/hardware_divider/divider.S.obj
LOAD CMakeFiles/main.dir/Users/Nina/pico/pico-sdk/src/rp2_common/pico_runtime/runtime.c.obj
LOAD CMakeFiles/main.dir/Users/Nina/pico/pico-sdk/src/rp2_common/pico_printf/printf.c.obj
LOAD CMakeFiles/main.dir/Users/Nina/pico/pico-sdk/src/rp2_common/pico_bit_ops/bit_ops_aeabi.S.obj
LOAD CMakeFiles/main.dir/Users/Nina/pico/pico-sdk/src/rp2_common/pico_bootrom/bootrom.c.obj
LOAD CMakeFiles/main.dir/Users/Nina/pico/pico-sdk/src/rp2_common/pico_divider/divider.S.obj
LOAD CMakeFiles/main.dir/Users/Nina/pico/pico-sdk/src/rp2_common/pico_double/double_aeabi.S.obj
LOAD CMakeFiles/main.dir/Users/Nina/pico/pico-sdk/src/rp2_common/pico_double/double_init_rom.c.obj
LOAD CMakeFiles/main.dir/Users/Nina/pico/pico-sdk/src/rp2_common/pico_double/double_math.c.obj
LOAD CMakeFiles/main.dir/Users/Nina/pico/pico-sdk/src/rp2_common/pico_double/double_v1_rom_shim.S.obj
LOAD CMakeFiles/main.dir/Users/Nina/pico/pico-sdk/src/rp2_common/pico_int64_ops/pico_int64_ops_aeabi.S.obj
LOAD CMakeFiles/main.dir/Users/Nina/pico/pico-sdk/src/rp2_common/pico_float/float_aeabi.S.obj
LOAD CMakeFiles/main.dir/Users/Nina/pico/pico-sdk/src/rp2_common/pico_float/float_init_rom.c.obj
LOAD CMakeFiles/main.dir/Users/Nina/pico/pico-sdk/src/rp2_common/pico_float/float_math.c.obj
LOAD CMakeFiles/main.dir/Users/Nina/pico/pico-sdk/src/rp2_common/pico_float/float_v1_rom_shim.S.obj
LOAD CMakeFiles/main.dir/Users/Nina/pico/pico-sdk/src/rp2_common/pico_malloc/pico_malloc.c.obj
LOAD CMakeFiles/main.dir/Users/Nina/pico/pico-sdk/src/rp2_common/pico_mem_ops/mem_ops_aeabi.S.obj
LOAD CMakeFiles/main.dir/Users/Nina/pico/pico-sdk/src/rp2_common/pico_standard_link/crt0.S.obj
LOAD CMakeFiles/main.dir/Users/Nina/pico/pico-sdk/src/rp2_common/pico_standard_link/new_delete.cpp.obj
LOAD CMakeFiles/main.dir/Users/Nina/pico/pico-sdk/src/rp2_common/pico_standard_link/binary_info.c.obj
LOAD CMakeFiles/main.dir/Users/Nina/pico/pico-sdk/src/rp2_common/pico_stdio/stdio.c.obj
LOAD CMakeFiles/main.dir/Users/Nina/pico/pico-sdk/src/rp2_common/pico_stdio_usb/reset_interface.c.obj
LOAD CMakeFiles/main.dir/Users/Nina/pico/pico-sdk/src/rp2_common/pico_stdio_usb/stdio_usb.c.obj
LOAD CMakeFiles/main.dir/Users/Nina/pico/pico-sdk/src/rp2_common/pico_stdio_usb/stdio_usb_descriptors.c.obj
LOAD CMakeFiles/main.dir/Users/Nina/pico/pico-sdk/src/rp2_common/pico_unique_id/unique_id.c.obj
LOAD CMakeFiles/main.dir/Users/Nina/pico/pico-sdk/src/rp2_common/hardware_flash/flash.c.obj
LOAD CMakeFiles/main.dir/Users/Nina/pico/pico-sdk/lib/tinyusb/src/portable/raspberrypi/rp2040/dcd_rp2040.c.obj
LOAD CMakeFiles/main.dir/Users/Nina/pico/pico-sdk/lib/tinyusb/src/portable/raspberrypi/rp2040/rp2040_usb.c.obj
LOAD CMakeFiles/main.dir/Users/Nina/pico/pico-sdk/lib/tinyusb/src/device/usbd.c.obj
LOAD CMakeFiles/main.dir/Users/Nina/pico/pico-sdk/lib/tinyusb/src/device/usbd_control.c.obj
LOAD CMakeFiles/main.dir/Users/Nina/pico/pico-sdk/lib/tinyusb/src/class/audio/audio_device.c.obj
LOAD CMakeFiles/main.dir/Users/Nina/pico/pico-sdk/lib/tinyusb/src/class/cdc/cdc_device.c.obj
LOAD CMakeFiles/main.dir/Users/Nina/pico/pico-sdk/lib/tinyusb/src/class/dfu/dfu_device.c.obj
LOAD CMakeFiles/main.dir/Users/Nina/pico/pico-sdk/lib/tinyusb/src/class/dfu/dfu_rt_device.c.obj
LOAD CMakeFiles/main.dir/Users/Nina/pico/pico-sdk/lib/tinyusb/src/class/hid/hid_device.c.obj
LOAD CMakeFiles/main.dir/Users/Nina/pico/pico-sdk/lib/tinyusb/src/class/midi/midi_device.c.obj
LOAD CMakeFiles/main.dir/Users/Nina/pico/pico-sdk/lib/tinyusb/src/class/msc/msc_device.c.obj
LOAD CMakeFiles/main.dir/Users/Nina/pico/pico-sdk/lib/tinyusb/src/class/net/ecm_rndis_device.c.obj
LOAD CMakeFiles/main.dir/Users/Nina/pico/pico-sdk/lib/tinyusb/src/class/net/ncm_device.c.obj
LOAD CMakeFiles/main.dir/Users/Nina/pico/pico-sdk/lib/tinyusb/src/class/usbtmc/usbtmc_device.c.obj
LOAD CMakeFiles/main.dir/Users/Nina/pico/pico-sdk/lib/tinyusb/src/class/vendor/vendor_device.c.obj
LOAD CMakeFiles/main.dir/Users/Nina/pico/pico-sdk/lib/tinyusb/src/class/video/video_device.c.obj
LOAD CMakeFiles/main.dir/Users/Nina/pico/pico-sdk/lib/tinyusb/src/tusb.c.obj
LOAD CMakeFiles/main.dir/Users/Nina/pico/pico-sdk/lib/tinyusb/src/common/tusb_fifo.c.obj
LOAD CMakeFiles/main.dir/Users/Nina/pico/pico-sdk/src/rp2_common/pico_fix/rp2040_usb_device_enumeration/rp2040_usb_device_enumeration.c.obj
LOAD CMakeFiles/main.dir/Users/Nina/pico/pico-sdk/src/rp2_common/hardware_i2c/i2c.c.obj
LOAD CMakeFiles/main.dir/Users/Nina/pico/pico-sdk/src/rp2_common/hardware_pio/pio.c.obj
LOAD CMakeFiles/main.dir/Users/Nina/pico/pico-sdk/src/rp2_common/hardware_adc/adc.c.obj
LOAD /var/folders/4d/np5l_gk52g1gj0kk2fmsf50c0000gn/T//cceVPoHm.o
LOAD /Applications/ArmGNUToolchain/12.3.rel1/arm-none-eabi/bin/../lib/gcc/arm-none-eabi/12.3.1/../../../../arm-none-eabi/lib/thumb/v6-m/nofp/libstdc++.a
LOAD /Applications/ArmGNUToolchain/12.3.rel1/arm-none-eabi/bin/../lib/gcc/arm-none-eabi/12.3.1/../../../../arm-none-eabi/lib/thumb/v6-m/nofp/libm.a
START GROUP
LOAD /Applications/ArmGNUToolchain/12.3.rel1/arm-none-eabi/bin/../lib/gcc/arm-none-eabi/12.3.1/thumb/v6-m/nofp/libgcc.a
LOAD /Applications/ArmGNUToolchain/12.3.rel1/arm-none-eabi/bin/../lib/gcc/arm-none-eabi/12.3.1/../../../../arm-none-eabi/lib/thumb/v6-m/nofp/libg.a
LOAD /Applications/ArmGNUToolchain/12.3.rel1/arm-none-eabi/bin/../lib/gcc/arm-none-eabi/12.3.1/../../../../arm-none-eabi/lib/thumb/v6-m/nofp/libc.a
END GROUP
START GROUP
LOAD /Applications/ArmGNUToolchain/12.3.rel1/arm-none-eabi/bin/../lib/gcc/arm-none-eabi/12.3.1/thumb/v6-m/nofp/libgcc.a
LOAD /Applications/ArmGNUToolchain/12.3.rel1/arm-none-eabi/bin/../lib/gcc/arm-none-eabi/12.3.1/../../../../arm-none-eabi/lib/thumb/v6-m/nofp/libc.a
LOAD /Applications/ArmGNUToolchain/12.3.rel1/arm-none-eabi/bin/../lib/gcc/arm-none-eabi/12.3.1/../../../../arm-none-eabi/lib/thumb/v6-m/nofp/libnosys.a
END GROUP
LOAD /Applications/ArmGNUToolchain/12.3.rel1/arm-none-eabi/bin/../lib/gcc/arm-none-eabi/12.3.1/thumb/v6-m/nofp/crtend.o
LOAD /Applications/ArmGNUToolchain/12.3.rel1/arm-none-eabi/bin/../lib/gcc/arm-none-eabi/12.3.1/thumb/v6-m/nofp/crtn.o
OUTPUT(main.elf elf32-littlearm)
LOAD linker stubs

.ARM.attributes
                0x00000000       0x28
 .ARM.attributes
                0x00000000       0x1e /Applications/ArmGNUToolchain/12.3.rel1/arm-none-eabi/bin/../lib/gcc/arm-none-eabi/12.3.1/thumb/v6-m/nofp/crti.o
 .ARM.attributes
                0x0000001e       0x2c /Applications/ArmGNUToolchain/12.3.rel1/arm-none-eabi/bin/../lib/gcc/arm-none-eabi/12.3.1/thumb/v6-m/nofp/crtbegin.o
 .ARM.attributes
                0x0000004a       0x2c CMakeFiles/main.dir/main.c.obj
 .ARM.attributes
                0x00000076       0x2c CMakeFiles/main.dir/nec_receive.c.obj
 .ARM.attributes
                0x000000a2       0x2c CMakeFiles/main.dir/Users/Nina/pico/pico-sdk/src/rp2_common/hardware_gpio/gpio.c.obj
 .ARM.attributes
                0x000000ce       0x2c CMakeFiles/main.dir/Users/Nina/pico/pico-sdk/src/rp2_common/pico_platform/platform.c.obj
 .ARM.attributes
                0x000000fa       0x2c CMakeFiles/main.dir/Users/Nina/pico/pico-sdk/src/rp2_common/hardware_claim/claim.c.obj
 .ARM.attributes
                0x00000126       0x2c CMakeFiles/main.dir/Users/Nina/pico/pico-sdk/src/rp2_common/hardware_sync/sync.c.obj
 .ARM.attributes
                0x00000152       0x2c CMakeFiles/main.dir/Users/Nina/pico/pico-sdk/src/rp2_common/hardware_irq/irq.c.obj
 .ARM.attributes
                0x0000017e       0x22 CMakeFiles/main.dir/Users/Nina/pico/pico-sdk/src/rp2_common/hardware_irq/irq_handler_chain.S.obj
 .ARM.attributes
                0x000001a0       0x2c CMakeFiles/main.dir/Users/Nina/pico/pico-sdk/src/common/pico_sync/lock_core.c.obj
 .ARM.attributes
                0x000001cc       0x2c CMakeFiles/main.dir/Users/Nina/pico/pico-sdk/src/common/pico_sync/mutex.c.obj
 .ARM.attributes
                0x000001f8       0x2c CMakeFiles/main.dir/Users/Nina/pico/pico-sdk/src/common/pico_time/time.c.obj
 .ARM.attributes
                0x00000224       0x2c CMakeFiles/main.dir/Users/Nina/pico/pico-sdk/src/rp2_common/hardware_timer/timer.c.obj
 .ARM.attributes
                0x00000250       0x2c CMakeFiles/main.dir/Users/Nina/pico/pico-sdk/src/common/pico_util/pheap.c.obj
 .ARM.attributes
                0x0000027c       0x2c CMakeFiles/main.dir/Users/Nina/pico/pico-sdk/src/rp2_common/hardware_clocks/clocks.c.obj
 .ARM.attributes
                0x000002a8       0x2c CMakeFiles/main.dir/Users/Nina/pico/pico-sdk/src/rp2_common/hardware_pll/pll.c.obj
 .ARM.attributes
                0x000002d4       0x2c CMakeFiles/main.dir/Users/Nina/pico/pico-sdk/src/rp2_common/hardware_watchdog/watchdog.c.obj
 .ARM.attributes
                0x00000300       0x2c CMakeFiles/main.dir/Users/Nina/pico/pico-sdk/src/rp2_common/hardware_xosc/xosc.c.obj
 .ARM.attributes
                0x0000032c       0x2c CMakeFiles/main.dir/Users/Nina/pico/pico-sdk/src/rp2_common/pico_runtime/runtime.c.obj
 .ARM.attributes
                0x00000358       0x2c CMakeFiles/main.dir/Users/Nina/pico/pico-sdk/src/rp2_common/pico_printf/printf.c.obj
 .ARM.attributes
                0x00000384       0x22 CMakeFiles/main.dir/Users/Nina/pico/pico-sdk/src/rp2_common/pico_bit_ops/bit_ops_aeabi.S.obj
 .ARM.attributes
                0x000003a6       0x2c CMakeFiles/main.dir/Users/Nina/pico/pico-sdk/src/rp2_common/pico_bootrom/bootrom.c.obj
 .ARM.attributes
                0x000003d2       0x22 CMakeFiles/main.dir/Users/Nina/pico/pico-sdk/src/rp2_common/pico_divider/divider.S.obj
 .ARM.attributes
                0x000003f4       0x22 CMakeFiles/main.dir/Users/Nina/pico/pico-sdk/src/rp2_common/pico_double/double_aeabi.S.obj
 .ARM.attributes
                0x00000416       0x2c CMakeFiles/main.dir/Users/Nina/pico/pico-sdk/src/rp2_common/pico_double/double_init_rom.c.obj
 .ARM.attributes
                0x00000442       0x22 CMakeFiles/main.dir/Users/Nina/pico/pico-sdk/src/rp2_common/pico_double/double_v1_rom_shim.S.obj
 .ARM.attributes
                0x00000464       0x22 CMakeFiles/main.dir/Users/Nina/pico/pico-sdk/src/rp2_common/pico_int64_ops/pico_int64_ops_aeabi.S.obj
 .ARM.attributes
                0x00000486       0x22 CMakeFiles/main.dir/Users/Nina/pico/pico-sdk/src/rp2_common/pico_float/float_aeabi.S.obj
 .ARM.attributes
                0x000004a8       0x2c CMakeFiles/main.dir/Users/Nina/pico/pico-sdk/src/rp2_common/pico_float/float_init_rom.c.obj
 .ARM.attributes
                0x000004d4       0x22 CMakeFiles/main.dir/Users/Nina/pico/pico-sdk/src/rp2_common/pico_float/float_v1_rom_shim.S.obj
 .ARM.attributes
                0x000004f6       0x2c CMakeFiles/main.dir/Users/Nina/pico/pico-sdk/src/rp2_common/pico_malloc/pico_malloc.c.obj
 .ARM.attributes
                0x00000522       0x22 CMakeFiles/main.dir/Users/Nina/pico/pico-sdk/src/rp2_common/pico_mem_ops/mem_ops_aeabi.S.obj
 .ARM.attributes
                0x00000544       0x22 CMakeFiles/main.dir/Users/Nina/pico/pico-sdk/src/rp2_common/pico_standard_link/crt0.S.obj
 .ARM.attributes
                0x00000566       0x2c CMakeFiles/main.dir/Users/Nina/pico/pico-sdk/src/rp2_common/pico_standard_link/binary_info.c.obj
 .ARM.attributes
                0x00000592       0x2c CMakeFiles/main.dir/Users/Nina/pico/pico-sdk/src/rp2_common/pico_stdio/stdio.c.obj
 .ARM.attributes
                0x000005be       0x2c CMakeFiles/main.dir/Users/Nina/pico/pico-sdk/src/rp2_common/pico_unique_id/unique_id.c.obj
 .ARM.attributes
                0x000005ea       0x2c CMakeFiles/main.dir/Users/Nina/pico/pico-sdk/src/rp2_common/hardware_flash/flash.c.obj
 .ARM.attributes
                0x00000616       0x2c CMakeFiles/main.dir/Users/Nina/pico/pico-sdk/src/rp2_common/hardware_i2c/i2c.c.obj
 .ARM.attributes
                0x00000642       0x2c CMakeFiles/main.dir/Users/Nina/pico/pico-sdk/src/rp2_common/hardware_pio/pio.c.obj
 .ARM.attributes
                0x0000066e       0x22 /var/folders/4d/np5l_gk52g1gj0kk2fmsf50c0000gn/T//cceVPoHm.o
 .ARM.attributes